5804,NO_TIME,boot
5406,NO_TIME,boot
330,2026-05-26 12:33:53,boot
630,2026-05-26 12:34:03,boot
630,2026-05-26 12:34:42,boot
5630,NO_TIME,boot
629,2026-05-26 12:37:14,boot
629,2026-05-26 12:40:41,boot
5739,NO_TIME,boot
5717,NO_TIME,boot
5732,NO_TIME,boot
630,2026-05-26 13:44:33,boot
630,2026-05-26 13:46:14,boot
5728,NO_TIME,boot
630,2026-05-26 13:48:42,boot
630,2026-05-26 13:58:16,boot
630,2026-05-26 13:59:02,boot
5630,NO_TIME,boot
630,2026-05-26 14:10:44,boot
630,2026-05-26 15:07:07,boot
629,2026-05-26 15:09:39,boot
629,2026-05-26 15:12:24,boot
629,2026-05-26 15:22:28,boot
629,2026-05-26 15:24:55,boot
629,2026-05-26 15:26:02,boot
630,2026-05-26 15:32:15,boot
630,2026-05-26 15:35:55,boot
630,2026-05-26 16:33:07,boot
630,2026-05-26 17:31:50,boot
845507,2026-05-26 17:45:54,sd recovery ok
630,2026-05-26 17:55:12,boot
5639,NO_TIME,boot
5630,NO_TIME,boot
147948,2026-05-26 17:59:10,sd recovery ok
5639,NO_TIME,boot
629,2026-05-26 18:02:23,boot
740,2026-05-26 18:04:32,boot
740,2026-05-26 18:05:43,boot
740,2026-05-26 18:27:26,boot
2420,2026-05-26 18:27:28,selftest BME280 OK
2431,2026-05-26 18:27:28,selftest GAS OK
2442,2026-05-26 18:27:28,selftest CO2 OK
2452,2026-05-26 18:27:28,selftest FS3000 OK
2463,2026-05-26 18:27:28,selftest MQ4 OK
2473,2026-05-26 18:27:28,selftest MQ8 OK
2484,2026-05-26 18:27:28,selftest POWER OK
740,2026-05-26 18:29:22,boot
2420,2026-05-26 18:29:23,selftest BME280 OK
2431,2026-05-26 18:29:23,selftest GAS OK
2447,2026-05-26 18:29:23,selftest CO2 OK
2458,2026-05-26 18:29:23,selftest FS3000 OK
2468,2026-05-26 18:29:23,selftest MQ4 OK
2478,2026-05-26 18:29:23,selftest MQ8 OK
2488,2026-05-26 18:29:23,selftest POWER OK
740,2026-05-26 18:31:15,boot
2420,2026-05-26 18:31:17,selftest BME280 OK
2431,2026-05-26 18:31:17,selftest GAS OK
2442,2026-05-26 18:31:17,selftest CO2 OK
2452,2026-05-26 18:31:17,selftest FS3000 OK
2463,2026-05-26 18:31:17,selftest MQ4 OK
2473,2026-05-26 18:31:17,selftest MQ8 OK
2484,2026-05-26 18:31:17,selftest POWER OK
740,2026-05-26 18:33:42,boot
2423,2026-05-26 18:33:44,selftest BME280 OK
2434,2026-05-26 18:33:44,selftest GAS OK
2444,2026-05-26 18:33:44,selftest CO2 OK
2455,2026-05-26 18:33:44,selftest FS3000 OK
2466,2026-05-26 18:33:44,selftest MQ4 OK
2476,2026-05-26 18:33:44,selftest MQ8 OK
2487,2026-05-26 18:33:44,selftest POWER OK
5640,NO_TIME,boot
12330,NO_TIME,selftest BME280 OK
17351,NO_TIME,selftest GAS OK
22371,NO_TIME,selftest CO2 OK
27391,NO_TIME,selftest FS3000 OK
5744,NO_TIME,boot
12670,NO_TIME,selftest BME280 OK
17813,NO_TIME,selftest GAS OK
22833,NO_TIME,selftest CO2 OK
27853,NO_TIME,selftest FS3000 OK
32873,NO_TIME,selftest MQ4 OK
37893,NO_TIME,selftest MQ8 OK
5728,NO_TIME,boot
12677,NO_TIME,selftest BME280 OK
17698,NO_TIME,selftest GAS OK
22709,NO_TIME,selftest CO2 OK
27729,NO_TIME,selftest FS3000 OK
5740,NO_TIME,boot
12429,NO_TIME,selftest BME280 OK
17450,NO_TIME,selftest GAS OK
22470,NO_TIME,selftest CO2 OK
27490,NO_TIME,selftest FS3000 OK
32510,NO_TIME,selftest MQ4 OK
37530,NO_TIME,selftest MQ8 OK
42673,NO_TIME,selftest POWER OK
143278,2026-05-26 18:39:22,sd recovery ok
5649,NO_TIME,boot
12466,NO_TIME,selftest BME280 OK
17487,NO_TIME,selftest GAS OK
22507,NO_TIME,selftest CO2 OK
27527,NO_TIME,selftest FS3000 OK
32547,NO_TIME,selftest MQ4 OK
37567,NO_TIME,selftest MQ8 OK
42587,NO_TIME,selftest POWER OK
740,2026-05-26 18:41:01,boot
753,2026-05-26 18:41:01,selftest BME280 FAIL
764,2026-05-26 18:41:01,selftest GAS FAIL
775,2026-05-26 18:41:01,selftest CO2 FAIL
786,2026-05-26 18:41:01,selftest FS3000 FAIL
919,2026-05-26 18:41:01,selftest MQ4 FAIL
930,2026-05-26 18:41:01,selftest MQ8 FAIL
940,2026-05-26 18:41:01,selftest POWER FAIL
740,2026-05-26 18:42:23,boot
2535,2026-05-26 18:42:25,selftest BME280 OK
2546,2026-05-26 18:42:25,selftest GAS OK
2557,2026-05-26 18:42:25,selftest CO2 OK
2568,2026-05-26 18:42:25,selftest FS3000 OK
2584,2026-05-26 18:42:25,selftest MQ4 OK
2595,2026-05-26 18:42:25,selftest MQ8 OK
2606,2026-05-26 18:42:25,selftest POWER OK
1190,2026-05-26 18:43:44,boot
2877,2026-05-26 18:43:45,selftest BME280 OK
2888,2026-05-26 18:43:45,selftest GAS OK
2899,2026-05-26 18:43:45,selftest CO2 OK
2909,2026-05-26 18:43:45,selftest FS3000 OK
2920,2026-05-26 18:43:45,selftest MQ4 OK
2931,2026-05-26 18:43:45,selftest MQ8 OK
2941,2026-05-26 18:43:45,selftest POWER OK
1190,2026-05-26 18:45:02,boot
2870,2026-05-26 18:45:04,selftest BME280 OK
2881,2026-05-26 18:45:04,selftest GAS OK
2891,2026-05-26 18:45:04,selftest CO2 OK
2902,2026-05-26 18:45:04,selftest FS3000 OK
2917,2026-05-26 18:45:04,selftest MQ4 OK
2928,2026-05-26 18:45:04,selftest MQ8 OK
2938,2026-05-26 18:45:04,selftest POWER OK
6100,NO_TIME,boot
12788,NO_TIME,selftest BME280 OK
17809,NO_TIME,selftest GAS OK
22829,NO_TIME,selftest CO2 OK
27849,NO_TIME,selftest FS3000 OK
32869,NO_TIME,selftest MQ4 OK
37889,NO_TIME,selftest MQ8 OK
42909,NO_TIME,selftest POWER OK
6203,NO_TIME,boot
13140,NO_TIME,selftest BME280 OK
18161,NO_TIME,selftest GAS OK
23178,NO_TIME,selftest CO2 OK
28198,NO_TIME,selftest FS3000 OK
33349,NO_TIME,selftest MQ4 OK
38369,NO_TIME,selftest MQ8 OK
43389,NO_TIME,selftest POWER OK
1190,2026-05-26 18:51:15,boot
2868,2026-05-26 18:51:16,selftest BME280 OK
2879,2026-05-26 18:51:16,selftest GAS OK
2890,2026-05-26 18:51:16,selftest CO2 OK
2901,2026-05-26 18:51:17,selftest FS3000 OK
2911,2026-05-26 18:51:17,selftest MQ4 OK
2922,2026-05-26 18:51:17,selftest MQ8 OK
2933,2026-05-26 18:51:17,selftest POWER OK
6199,NO_TIME,boot
12893,NO_TIME,selftest BME280 OK
17914,NO_TIME,selftest GAS OK
22938,NO_TIME,selftest CO2 OK
27949,NO_TIME,selftest FS3000 OK
32960,NO_TIME,selftest MQ4 OK
37971,NO_TIME,selftest MQ8 OK
42982,NO_TIME,selftest POWER OK
6182,NO_TIME,boot
13120,NO_TIME,selftest BME280 OK
18141,NO_TIME,selftest GAS OK
23158,NO_TIME,selftest CO2 OK
28178,NO_TIME,selftest FS3000 OK
6183,NO_TIME,boot
13134,NO_TIME,selftest BME280 OK
18155,NO_TIME,selftest GAS OK
23175,NO_TIME,selftest CO2 OK
28195,NO_TIME,selftest FS3000 OK
33215,NO_TIME,selftest MQ4 OK
38235,NO_TIME,selftest MQ8 OK
43381,NO_TIME,selftest POWER OK
6090,NO_TIME,boot
12778,NO_TIME,selftest BME280 OK
17799,NO_TIME,selftest GAS OK
22810,NO_TIME,selftest CO2 OK
27821,NO_TIME,selftest FS3000 OK
32832,NO_TIME,selftest MQ4 OK
37843,NO_TIME,selftest MQ8 OK
42854,NO_TIME,selftest POWER OK
942,2026-05-26 18:57:41,boot
942,2026-05-26 18:59:45,boot
2619,2026-05-26 18:59:47,selftest BME280=OK GAS=OK CO2=OK FS3000=OK MQ4=OK MQ8=OK POWER=OK
5954,NO_TIME,boot
12894,NO_TIME,selftest BME280=OK GAS=OK CO2=OK FS3000=OK MQ4=OK MQ8=OK POWER=OK
93531,2026-05-26 19:01:44,sd recovery ok
5948,NO_TIME,boot
12880,NO_TIME,selftest BME280=OK GAS=OK CO2=OK FS3000=OK MQ4=OK MQ8=OK POWER=OK
6011,NO_TIME,boot
5923,NO_TIME,boot
5923,NO_TIME,boot
5923,NO_TIME,boot
5923,NO_TIME,boot
5913,NO_TIME,boot
5912,NO_TIME,boot
5912,NO_TIME,boot
5912,NO_TIME,boot
5912,NO_TIME,boot
