1498,2026-07-22 21:44:19,boot
91519,2026-07-22 21:46:08,sensorTask timeout
1203,2026-07-22 21:46:09,boot
1203,2026-07-22 21:47:25,boot
1780,2026-07-22 21:47:53,boot
91789,2026-07-22 21:49:27,sensorTask timeout
1204,2026-07-22 21:49:28,boot
1232,2026-07-22 21:51:37,boot
2059,2026-07-23 17:56:59,boot
92114,2026-07-23 17:58:31,sensorTask timeout
1201,2026-07-23 17:58:32,boot
2652,2026-07-23 17:58:57,boot
2314,2026-07-23 17:59:14,boot
92328,2026-07-23 18:00:46,sensorTask timeout
1204,2026-07-23 18:00:47,boot
91216,2026-07-23 18:02:18,sensorTask timeout
1204,2026-07-23 18:02:19,boot
91214,2026-07-23 18:03:50,sensorTask timeout
1199,2026-07-23 18:03:51,boot
91208,2026-07-23 18:05:21,sensorTask timeout
1199,2026-07-23 18:05:23,boot
91208,2026-07-23 18:06:53,sensorTask timeout
1199,2026-07-23 18:06:54,boot
1424,2026-07-23 18:24:38,boot
91433,2026-07-23 18:26:09,sensorTask timeout
1200,2026-07-23 18:26:10,boot
1200,2026-07-23 18:26:33,boot
91209,2026-07-23 18:28:05,sensorTask timeout
1201,2026-07-23 18:28:06,boot
6264,2026-07-23 18:37:14,boot
96317,2026-07-23 18:38:46,sensorTask timeout
1198,2026-07-23 18:38:47,boot
91207,2026-07-23 18:40:17,sensorTask timeout
1198,2026-07-23 18:40:18,boot
91207,2026-07-23 18:41:49,sensorTask timeout
1199,2026-07-23 18:41:50,boot
2058,2026-07-23 19:30:06,boot
1190,2026-07-23 19:30:34,boot
91233,2026-07-23 19:32:06,sensorTask timeout
1189,2026-07-23 19:32:07,boot
2055,2026-07-23 19:57:13,boot
92065,2026-07-23 19:58:43,sensorTask timeout
1190,2026-07-23 19:58:44,boot
91244,2026-07-23 20:00:15,sensorTask timeout
1190,2026-07-23 20:00:16,boot
1190,2026-07-23 20:00:43,boot
1190,2026-07-23 20:01:31,boot
91200,2026-07-23 20:03:02,sensorTask timeout
1191,2026-07-23 20:03:04,boot
1191,2026-07-23 20:04:49,boot
1191,2026-07-23 20:05:47,boot
1191,2026-07-23 20:06:41,boot
1496,2026-07-23 20:12:43,boot
1934,2026-07-23 21:04:18,boot
1193,2026-07-23 21:05:01,boot
1193,2026-07-23 21:05:14,boot
1194,2026-07-23 21:05:24,boot
94223,NO_TIME,boot
204232,NO_TIME,sensorTask timeout
6204,NO_TIME,boot
101221,NO_TIME,sensorTask timeout
6205,NO_TIME,boot
106222,NO_TIME,sensorTask timeout
6205,NO_TIME,boot
106222,NO_TIME,sensorTask timeout
6205,NO_TIME,boot
106222,NO_TIME,sensorTask timeout
6206,NO_TIME,boot
106223,NO_TIME,sensorTask timeout
6206,NO_TIME,boot
106223,NO_TIME,sensorTask timeout
6207,NO_TIME,boot
106224,NO_TIME,sensorTask timeout
6207,NO_TIME,boot
106224,NO_TIME,sensorTask timeout
6198,NO_TIME,boot
106215,NO_TIME,sensorTask timeout
6208,NO_TIME,boot
106225,NO_TIME,sensorTask timeout
6208,NO_TIME,boot
106225,NO_TIME,sensorTask timeout
6209,NO_TIME,boot
106226,NO_TIME,sensorTask timeout
6209,NO_TIME,boot
1222,2026-07-26 05:01:00,boot
91237,2026-07-26 05:02:33,sensorTask timeout
1195,2026-07-26 05:02:34,boot
91205,2026-07-26 05:04:05,sensorTask timeout
1196,2026-07-26 05:04:06,boot
91207,2026-07-26 05:05:37,sensorTask timeout
1197,2026-07-26 05:05:38,boot
96207,2026-07-26 05:07:14,sensorTask timeout
1198,2026-07-26 05:07:15,boot
96210,2026-07-26 05:08:50,sensorTask timeout
1199,2026-07-26 05:08:52,boot
96209,2026-07-26 05:10:27,sensorTask timeout
1200,2026-07-26 05:10:28,boot
96210,2026-07-26 05:12:04,sensorTask timeout
1201,2026-07-26 05:12:05,boot
96211,2026-07-26 05:13:41,sensorTask timeout
1195,2026-07-26 05:13:42,boot
91204,2026-07-26 05:15:13,sensorTask timeout
1196,2026-07-26 05:15:14,boot
91204,2026-07-26 05:16:45,sensorTask timeout
1196,2026-07-26 05:16:46,boot
91205,2026-07-26 05:18:16,sensorTask timeout
1194,2026-07-26 05:18:17,boot
91203,2026-07-26 05:19:48,sensorTask timeout
1199,2026-07-26 05:19:49,boot
1291,2026-07-26 05:21:02,boot
1290,2026-07-26 05:21:30,boot
91299,2026-07-26 05:23:02,sensorTask timeout
1290,2026-07-26 05:23:03,boot
91299,2026-07-26 05:24:34,sensorTask timeout
1291,2026-07-26 05:24:35,boot
91300,2026-07-26 05:26:06,sensorTask timeout
1291,2026-07-26 05:26:07,boot
91300,2026-07-26 05:27:38,sensorTask timeout
1292,2026-07-26 05:27:39,boot
6330,NO_TIME,boot
101338,2026-07-26 05:39:54,sensorTask timeout
1293,2026-07-26 05:39:54,boot
91305,2026-07-26 05:41:26,sensorTask timeout
1293,2026-07-26 05:41:27,boot
91305,2026-07-26 05:42:58,sensorTask timeout
1294,2026-07-26 05:42:59,boot
96305,2026-07-26 05:44:34,sensorTask timeout
1294,2026-07-26 05:44:35,boot
91306,2026-07-26 05:46:06,sensorTask timeout
1294,2026-07-26 05:46:07,boot
96306,2026-07-26 05:47:43,sensorTask timeout
1295,2026-07-26 05:47:44,boot
91307,2026-07-26 05:49:15,sensorTask timeout
1295,2026-07-26 05:49:16,boot
1296,2026-07-26 05:49:22,boot
96307,2026-07-26 05:50:58,sensorTask timeout
1296,2026-07-26 05:50:59,boot
91308,2026-07-26 05:52:30,sensorTask timeout
1296,2026-07-26 05:52:31,boot
91308,2026-07-26 05:54:02,sensorTask timeout
1297,2026-07-26 05:54:03,boot
91309,2026-07-26 05:55:34,sensorTask timeout
1297,2026-07-26 05:55:35,boot
91309,2026-07-26 05:57:06,sensorTask timeout
1298,2026-07-26 05:57:07,boot
96309,2026-07-26 05:58:43,sensorTask timeout
1298,2026-07-26 05:58:44,boot
91312,2026-07-26 06:00:15,sensorTask timeout
1298,2026-07-26 06:00:16,boot
91310,2026-07-26 06:01:46,sensorTask timeout
1299,2026-07-26 06:01:47,boot
96310,2026-07-26 06:03:23,sensorTask timeout
1299,2026-07-26 06:03:24,boot
91311,2026-07-26 06:04:55,sensorTask timeout
1300,2026-07-26 06:04:56,boot
96311,2026-07-26 06:06:32,sensorTask timeout
1300,2026-07-26 06:06:33,boot
91312,2026-07-26 06:08:04,sensorTask timeout
1300,2026-07-26 06:08:05,boot
91312,2026-07-26 06:09:36,sensorTask timeout
1301,2026-07-26 06:09:37,boot
91358,2026-07-26 06:11:08,sensorTask timeout
1296,2026-07-26 06:11:09,boot
96307,2026-07-26 06:12:45,sensorTask timeout
1290,2026-07-26 06:12:46,boot
91302,2026-07-26 06:14:17,sensorTask timeout
1290,2026-07-26 06:14:18,boot
91302,2026-07-26 06:15:49,sensorTask timeout
1290,2026-07-26 06:15:50,boot
96302,2026-07-26 06:17:26,sensorTask timeout
1291,2026-07-26 06:17:27,boot
91303,2026-07-26 06:18:57,sensorTask timeout
1291,2026-07-26 06:18:59,boot
91303,2026-07-26 06:20:29,sensorTask timeout
1292,2026-07-26 06:20:30,boot
96303,2026-07-26 06:22:06,sensorTask timeout
1292,2026-07-26 06:22:07,boot
91304,2026-07-26 06:23:38,sensorTask timeout
1292,2026-07-26 06:23:39,boot
96304,2026-07-26 06:25:15,sensorTask timeout
1293,2026-07-26 06:25:16,boot
91305,2026-07-26 06:26:47,sensorTask timeout
1293,2026-07-26 06:26:48,boot
91305,2026-07-26 06:28:19,sensorTask timeout
1294,2026-07-26 06:28:20,boot
96305,2026-07-26 06:29:56,sensorTask timeout
1294,2026-07-26 06:29:57,boot
91308,2026-07-26 06:31:28,sensorTask timeout
1294,2026-07-26 06:31:29,boot
91306,2026-07-26 06:33:00,sensorTask timeout
1295,2026-07-26 06:33:01,boot
91307,2026-07-26 06:34:32,sensorTask timeout
1295,2026-07-26 06:34:33,boot
91307,2026-07-26 06:36:03,sensorTask timeout
1296,2026-07-26 06:36:04,boot
91308,2026-07-26 06:37:35,sensorTask timeout
1296,2026-07-26 06:37:36,boot
91308,2026-07-26 06:39:07,sensorTask timeout
1296,2026-07-26 06:39:08,boot
91308,2026-07-26 06:40:39,sensorTask timeout
1297,2026-07-26 06:40:40,boot
96308,2026-07-26 06:42:16,sensorTask timeout
1297,2026-07-26 06:42:17,boot
91309,2026-07-26 06:43:48,sensorTask timeout
1298,2026-07-26 06:43:49,boot
91310,2026-07-26 06:45:20,sensorTask timeout
1298,2026-07-26 06:45:21,boot
91310,2026-07-26 06:46:52,sensorTask timeout
1299,2026-07-26 06:46:53,boot
96310,2026-07-26 06:48:29,sensorTask timeout
1299,2026-07-26 06:48:30,boot
91311,2026-07-26 06:50:01,sensorTask timeout
1300,2026-07-26 06:50:02,boot
96311,2026-07-26 06:51:38,sensorTask timeout
1294,2026-07-26 06:51:39,boot
91306,2026-07-26 06:53:10,sensorTask timeout
1295,2026-07-26 06:53:11,boot
91307,2026-07-26 06:54:41,sensorTask timeout
1295,2026-07-26 06:54:42,boot
91307,2026-07-26 06:56:13,sensorTask timeout
1296,2026-07-26 06:56:14,boot
96307,2026-07-26 06:57:50,sensorTask timeout
1296,2026-07-26 06:57:51,boot
91308,2026-07-26 06:59:22,sensorTask timeout
1296,2026-07-26 06:59:23,boot
91308,2026-07-26 07:00:54,sensorTask timeout
1297,2026-07-26 07:00:55,boot
91320,2026-07-26 07:02:26,sensorTask timeout
1291,2026-07-26 07:02:27,boot
91303,2026-07-26 07:03:58,sensorTask timeout
1292,2026-07-26 07:03:59,boot
96303,2026-07-26 07:05:35,sensorTask timeout
1292,2026-07-26 07:05:36,boot
91304,2026-07-26 07:07:07,sensorTask timeout
1292,2026-07-26 07:07:08,boot
91304,2026-07-26 07:08:39,sensorTask timeout
1293,2026-07-26 07:08:40,boot
91305,2026-07-26 07:10:11,sensorTask timeout
1293,2026-07-26 07:10:12,boot
91305,2026-07-26 07:11:42,sensorTask timeout
1294,2026-07-26 07:11:43,boot
96305,2026-07-26 07:13:19,sensorTask timeout
1294,2026-07-26 07:13:20,boot
91306,2026-07-26 07:14:51,sensorTask timeout
1294,2026-07-26 07:14:52,boot
91306,2026-07-26 07:16:23,sensorTask timeout
1295,2026-07-26 07:16:24,boot
91307,2026-07-26 07:17:55,sensorTask timeout
1295,2026-07-26 07:17:56,boot
91307,2026-07-26 07:19:27,sensorTask timeout
1296,2026-07-26 07:19:28,boot
96307,2026-07-26 07:21:04,sensorTask timeout
1296,2026-07-26 07:21:05,boot
91308,2026-07-26 07:22:36,sensorTask timeout
1296,2026-07-26 07:22:37,boot
91308,2026-07-26 07:24:08,sensorTask timeout
1297,2026-07-26 07:24:09,boot
91309,2026-07-26 07:25:40,sensorTask timeout
1297,2026-07-26 07:25:41,boot
91309,2026-07-26 07:27:11,sensorTask timeout
1298,2026-07-26 07:27:13,boot
91309,2026-07-26 07:28:43,sensorTask timeout
1298,2026-07-26 07:28:44,boot
91310,2026-07-26 07:30:15,sensorTask timeout
1298,2026-07-26 07:30:16,boot
91310,2026-07-26 07:31:47,sensorTask timeout
1299,2026-07-26 07:31:48,boot
91356,2026-07-26 07:33:19,sensorTask timeout
1294,2026-07-26 07:33:20,boot
96305,2026-07-26 07:34:56,sensorTask timeout
1294,2026-07-26 07:34:57,boot
91306,2026-07-26 07:36:28,sensorTask timeout
1294,2026-07-26 07:36:29,boot
91306,2026-07-26 07:38:00,sensorTask timeout
1295,2026-07-26 07:38:01,boot
91307,2026-07-26 07:39:32,sensorTask timeout
1295,2026-07-26 07:39:33,boot
91307,2026-07-26 07:41:04,sensorTask timeout
1296,2026-07-26 07:41:05,boot
96307,2026-07-26 07:42:41,sensorTask timeout
1296,2026-07-26 07:42:42,boot
91308,2026-07-26 07:44:12,sensorTask timeout
1296,2026-07-26 07:44:14,boot
91308,2026-07-26 07:45:44,sensorTask timeout
1297,2026-07-26 07:45:45,boot
91309,2026-07-26 07:47:16,sensorTask timeout
1297,2026-07-26 07:47:17,boot
91309,2026-07-26 07:48:48,sensorTask timeout
1298,2026-07-26 07:48:49,boot
96309,2026-07-26 07:50:25,sensorTask timeout
1298,2026-07-26 07:50:26,boot
91311,2026-07-26 07:51:57,sensorTask timeout
1292,2026-07-26 07:51:58,boot
91304,2026-07-26 07:53:29,sensorTask timeout
1293,2026-07-26 07:53:30,boot
91305,2026-07-26 07:55:01,sensorTask timeout
1293,2026-07-26 07:55:02,boot
91305,2026-07-26 07:56:33,sensorTask timeout
1294,2026-07-26 07:56:34,boot
96305,2026-07-26 07:58:10,sensorTask timeout
1294,2026-07-26 07:58:11,boot
91306,2026-07-26 07:59:42,sensorTask timeout
1294,2026-07-26 07:59:43,boot
91306,2026-07-26 08:01:13,sensorTask timeout
1294,2026-07-26 08:01:15,boot
91306,2026-07-26 08:02:45,sensorTask timeout
1295,2026-07-26 08:02:46,boot
91309,2026-07-26 08:04:17,sensorTask timeout
1296,2026-07-26 08:04:18,boot
96307,2026-07-26 08:05:54,sensorTask timeout
1296,2026-07-26 08:05:55,boot
91308,2026-07-26 08:07:26,sensorTask timeout
1296,2026-07-26 08:07:27,boot
91308,2026-07-26 08:08:58,sensorTask timeout
1297,2026-07-26 08:08:59,boot
96308,2026-07-26 08:10:35,sensorTask timeout
1297,2026-07-26 08:10:36,boot
91309,2026-07-26 08:12:07,sensorTask timeout
1298,2026-07-26 08:12:08,boot
96309,2026-07-26 08:13:44,sensorTask timeout
1292,2026-07-26 08:13:45,boot
96304,2026-07-26 08:15:21,sensorTask timeout
1293,2026-07-26 08:15:22,boot
91305,2026-07-26 08:16:53,sensorTask timeout
1293,2026-07-26 08:16:54,boot
91305,2026-07-26 08:18:25,sensorTask timeout
1294,2026-07-26 08:18:26,boot
96305,2026-07-26 08:20:01,sensorTask timeout
1294,2026-07-26 08:20:02,boot
91306,2026-07-26 08:21:33,sensorTask timeout
1294,2026-07-26 08:21:34,boot
96306,2026-07-26 08:23:10,sensorTask timeout
1295,2026-07-26 08:23:11,boot
91307,2026-07-26 08:24:42,sensorTask timeout
1296,2026-07-26 08:24:43,boot
96307,2026-07-26 08:26:19,sensorTask timeout
1296,2026-07-26 08:26:20,boot
91308,2026-07-26 08:27:51,sensorTask timeout
1296,2026-07-26 08:27:52,boot
91308,2026-07-26 08:29:23,sensorTask timeout
1297,2026-07-26 08:29:24,boot
91309,2026-07-26 08:30:55,sensorTask timeout
1297,2026-07-26 08:30:56,boot
91309,2026-07-26 08:32:27,sensorTask timeout
1298,2026-07-26 08:32:28,boot
96309,2026-07-26 08:34:04,sensorTask timeout
1298,2026-07-26 08:34:05,boot
91312,2026-07-26 08:35:35,sensorTask timeout
1298,2026-07-26 08:35:37,boot
91310,2026-07-26 08:37:07,sensorTask timeout
1299,2026-07-26 08:37:08,boot
91311,2026-07-26 08:38:39,sensorTask timeout
1299,2026-07-26 08:38:40,boot
91311,2026-07-26 08:40:11,sensorTask timeout
1300,2026-07-26 08:40:12,boot
96311,2026-07-26 08:41:48,sensorTask timeout
1294,2026-07-26 08:41:49,boot
96305,2026-07-26 08:43:25,sensorTask timeout
1294,2026-07-26 08:43:26,boot
91306,2026-07-26 08:44:57,sensorTask timeout
1294,2026-07-26 08:44:58,boot
91306,2026-07-26 08:46:29,sensorTask timeout
1295,2026-07-26 08:46:30,boot
91307,2026-07-26 08:48:01,sensorTask timeout
1296,2026-07-26 08:48:02,boot
96307,2026-07-26 08:49:38,sensorTask timeout
1296,2026-07-26 08:49:39,boot
91308,2026-07-26 08:51:10,sensorTask timeout
1296,2026-07-26 08:51:11,boot
91308,2026-07-26 08:52:41,sensorTask timeout
1297,2026-07-26 08:52:43,boot
96308,2026-07-26 08:54:18,sensorTask timeout
1297,2026-07-26 08:54:19,boot
96308,2026-07-26 08:55:55,sensorTask timeout
1292,2026-07-26 08:55:56,boot
96303,2026-07-26 08:57:32,sensorTask timeout
1292,2026-07-26 08:57:33,boot
91304,2026-07-26 08:59:04,sensorTask timeout
1292,2026-07-26 08:59:05,boot
91304,2026-07-26 09:00:36,sensorTask timeout
1293,2026-07-26 09:00:37,boot
91305,2026-07-26 09:02:08,sensorTask timeout
1293,2026-07-26 09:02:09,boot
91305,2026-07-26 09:03:40,sensorTask timeout
1294,2026-07-26 09:03:41,boot
96305,2026-07-26 09:05:17,sensorTask timeout
1294,2026-07-26 09:05:18,boot
91308,2026-07-26 09:06:49,sensorTask timeout
1294,2026-07-26 09:06:50,boot
91306,2026-07-26 09:08:21,sensorTask timeout
1295,2026-07-26 09:08:22,boot
91307,2026-07-26 09:09:52,sensorTask timeout
1296,2026-07-26 09:09:54,boot
96307,2026-07-26 09:11:29,sensorTask timeout
1296,2026-07-26 09:11:30,boot
96307,2026-07-26 09:13:06,sensorTask timeout
1296,2026-07-26 09:13:07,boot
91308,2026-07-26 09:14:38,sensorTask timeout
1296,2026-07-26 09:14:39,boot
91308,2026-07-26 09:16:10,sensorTask timeout
1297,2026-07-26 09:16:11,boot
91309,2026-07-26 09:17:42,sensorTask timeout
1298,2026-07-26 09:17:43,boot
96309,2026-07-26 09:19:19,sensorTask timeout
1298,2026-07-26 09:19:20,boot
91310,2026-07-26 09:20:51,sensorTask timeout
1298,2026-07-26 09:20:52,boot
91310,2026-07-26 09:22:23,sensorTask timeout
1299,2026-07-26 09:22:24,boot
96310,2026-07-26 09:24:00,sensorTask timeout
1299,2026-07-26 09:24:01,boot
91311,2026-07-26 09:25:32,sensorTask timeout
1300,2026-07-26 09:25:33,boot
1300,2026-07-26 09:26:28,boot
91312,2026-07-26 09:27:59,sensorTask timeout
1300,2026-07-26 09:28:00,boot
1968,2026-07-26 09:29:02,boot
91980,2026-07-26 09:30:33,sensorTask timeout
1245,2026-07-26 09:30:34,boot
91257,2026-07-26 09:32:05,sensorTask timeout
1239,2026-07-26 09:32:06,boot
91251,2026-07-26 09:33:37,sensorTask timeout
1240,2026-07-26 09:33:38,boot
91252,2026-07-26 09:35:09,sensorTask timeout
1240,2026-07-26 09:35:10,boot
91252,2026-07-26 09:36:41,sensorTask timeout
1241,2026-07-26 09:36:42,boot
91298,2026-07-26 09:38:13,sensorTask timeout
1236,2026-07-26 09:38:14,boot
91248,2026-07-26 09:39:44,sensorTask timeout
1236,2026-07-26 09:39:45,boot
91248,2026-07-26 09:41:16,sensorTask timeout
1236,2026-07-26 09:41:17,boot
96248,2026-07-26 09:42:53,sensorTask timeout
1237,2026-07-26 09:42:54,boot
91249,2026-07-26 09:44:25,sensorTask timeout
1237,2026-07-26 09:44:26,boot
91249,2026-07-26 09:45:57,sensorTask timeout
1238,2026-07-26 09:45:58,boot
96249,2026-07-26 09:47:34,sensorTask timeout
1238,2026-07-26 09:47:35,boot
96250,2026-07-26 09:49:10,sensorTask timeout
1239,2026-07-26 09:49:11,boot
91251,2026-07-26 09:50:42,sensorTask timeout
1239,2026-07-26 09:50:43,boot
91251,2026-07-26 09:52:14,sensorTask timeout
1240,2026-07-26 09:52:15,boot
96251,2026-07-26 09:53:51,sensorTask timeout
1240,2026-07-26 09:53:52,boot
91252,2026-07-26 09:55:23,sensorTask timeout
1241,2026-07-26 09:55:24,boot
96252,2026-07-26 09:57:00,sensorTask timeout
1241,2026-07-26 09:57:01,boot
91253,2026-07-26 09:58:32,sensorTask timeout
1241,2026-07-26 09:58:33,boot
91253,2026-07-26 10:00:03,sensorTask timeout
1242,2026-07-26 10:00:04,boot
91254,2026-07-26 10:01:35,sensorTask timeout
1242,2026-07-26 10:01:36,boot
91254,2026-07-26 10:03:07,sensorTask timeout
1243,2026-07-26 10:03:08,boot
96254,2026-07-26 10:04:44,sensorTask timeout
1243,2026-07-26 10:04:45,boot
91255,2026-07-26 10:06:16,sensorTask timeout
1243,2026-07-26 10:06:17,boot
91255,2026-07-26 10:07:48,sensorTask timeout
1244,2026-07-26 10:07:49,boot
83244,2026-07-26 10:09:33,boot
186554,2026-07-26 10:11:18,sensorTask timeout
1244,2026-07-26 10:11:19,boot
91256,2026-07-26 10:12:50,sensorTask timeout
1245,2026-07-26 10:12:51,boot
96256,2026-07-26 10:14:26,sensorTask timeout
1245,2026-07-26 10:14:27,boot
91257,2026-07-26 10:15:58,sensorTask timeout
1246,2026-07-26 10:15:59,boot
96257,2026-07-26 10:17:35,sensorTask timeout
1246,2026-07-26 10:17:36,boot
91258,2026-07-26 10:19:07,sensorTask timeout
1246,2026-07-26 10:19:08,boot
91303,2026-07-26 10:20:39,sensorTask timeout
1241,2026-07-26 10:20:40,boot
91253,2026-07-26 10:22:11,sensorTask timeout
1242,2026-07-26 10:22:12,boot
91298,2026-07-26 10:23:43,sensorTask timeout
1236,2026-07-26 10:23:44,boot
96247,2026-07-26 10:25:20,sensorTask timeout
1236,2026-07-26 10:25:21,boot
91248,2026-07-26 10:26:51,sensorTask timeout
1236,2026-07-26 10:26:52,boot
96248,2026-07-26 10:28:28,sensorTask timeout
1237,2026-07-26 10:28:29,boot
91249,2026-07-26 10:30:00,sensorTask timeout
1237,2026-07-26 10:30:01,boot
91251,2026-07-26 10:31:32,sensorTask timeout
1238,2026-07-26 10:31:33,boot
96249,2026-07-26 10:33:09,sensorTask timeout
1238,2026-07-26 10:33:10,boot
91250,2026-07-26 10:34:41,sensorTask timeout
1238,2026-07-26 10:34:42,boot
91250,2026-07-26 10:36:12,sensorTask timeout
1239,2026-07-26 10:36:14,boot
91251,2026-07-26 10:37:44,sensorTask timeout
1239,2026-07-26 10:37:45,boot
91251,2026-07-26 10:39:16,sensorTask timeout
1240,2026-07-26 10:39:17,boot
96251,2026-07-26 10:40:53,sensorTask timeout
1240,2026-07-26 10:40:54,boot
91252,2026-07-26 10:42:25,sensorTask timeout
1240,2026-07-26 10:42:26,boot
91252,2026-07-26 10:43:57,sensorTask timeout
1241,2026-07-26 10:43:58,boot
96252,2026-07-26 10:45:34,sensorTask timeout
1242,2026-07-26 10:45:35,boot
96253,2026-07-26 10:47:10,sensorTask timeout
1242,2026-07-26 10:47:11,boot
96253,2026-07-26 10:48:47,sensorTask timeout
1242,2026-07-26 10:48:48,boot
91254,2026-07-26 10:50:19,sensorTask timeout
1243,2026-07-26 10:50:20,boot
96256,2026-07-26 10:51:56,sensorTask timeout
1243,2026-07-26 10:51:57,boot
91255,2026-07-26 10:53:28,sensorTask timeout
1244,2026-07-26 10:53:29,boot
91256,2026-07-26 10:55:00,sensorTask timeout
1244,2026-07-26 10:55:01,boot
91256,2026-07-26 10:56:32,sensorTask timeout
1244,2026-07-26 10:56:33,boot
91256,2026-07-26 10:58:03,sensorTask timeout
1245,2026-07-26 10:58:04,boot
96256,2026-07-26 10:59:40,sensorTask timeout
1245,2026-07-26 10:59:41,boot
91257,2026-07-26 11:01:12,sensorTask timeout
1240,2026-07-26 11:01:13,boot
91252,2026-07-26 11:02:44,sensorTask timeout
1240,2026-07-26 11:02:45,boot
96252,2026-07-26 11:04:21,sensorTask timeout
1241,2026-07-26 11:04:22,boot
91253,2026-07-26 11:05:53,sensorTask timeout
1241,2026-07-26 11:05:54,boot
91253,2026-07-26 11:07:25,sensorTask timeout
1242,2026-07-26 11:07:26,boot
96253,2026-07-26 11:09:01,sensorTask timeout
1242,2026-07-26 11:09:03,boot
91254,2026-07-26 11:10:33,sensorTask timeout
1242,2026-07-26 11:10:34,boot
91255,2026-07-26 11:12:05,sensorTask timeout
1243,2026-07-26 11:12:06,boot
91300,2026-07-26 11:13:37,sensorTask timeout
1237,2026-07-26 11:13:38,boot
91249,2026-07-26 11:15:09,sensorTask timeout
1238,2026-07-26 11:15:10,boot
96249,2026-07-26 11:16:46,sensorTask timeout
1238,2026-07-26 11:16:47,boot
91250,2026-07-26 11:18:18,sensorTask timeout
1238,2026-07-26 11:18:19,boot
91251,2026-07-26 11:19:50,sensorTask timeout
1239,2026-07-26 11:19:51,boot
91251,2026-07-26 11:21:21,sensorTask timeout
1239,2026-07-26 11:21:22,boot
91253,2026-07-26 11:22:53,sensorTask timeout
1240,2026-07-26 11:22:54,boot
96251,2026-07-26 11:24:30,sensorTask timeout
1240,2026-07-26 11:24:31,boot
91253,2026-07-26 11:26:02,sensorTask timeout
1240,2026-07-26 11:26:03,boot
91253,2026-07-26 11:27:34,sensorTask timeout
1241,2026-07-26 11:27:35,boot
96252,2026-07-26 11:29:11,sensorTask timeout
1241,2026-07-26 11:29:12,boot
91253,2026-07-26 11:30:42,sensorTask timeout
1242,2026-07-26 11:30:44,boot
96253,2026-07-26 11:32:19,sensorTask timeout
1242,2026-07-26 11:32:20,boot
91254,2026-07-26 11:33:51,sensorTask timeout
1242,2026-07-26 11:33:52,boot
91254,2026-07-26 11:35:23,sensorTask timeout
1243,2026-07-26 11:35:24,boot
96254,2026-07-26 11:37:00,sensorTask timeout
1243,2026-07-26 11:37:01,boot
91255,2026-07-26 11:38:32,sensorTask timeout
1244,2026-07-26 11:38:33,boot
96255,2026-07-26 11:40:09,sensorTask timeout
1244,2026-07-26 11:40:10,boot
91256,2026-07-26 11:41:41,sensorTask timeout
1244,2026-07-26 11:41:42,boot
91256,2026-07-26 11:43:12,sensorTask timeout
1239,2026-07-26 11:43:13,boot
91251,2026-07-26 11:44:44,sensorTask timeout
1240,2026-07-26 11:44:45,boot
96251,2026-07-26 11:46:21,sensorTask timeout
1240,2026-07-26 11:46:22,boot
91252,2026-07-26 11:47:53,sensorTask timeout
1240,2026-07-26 11:47:54,boot
91253,2026-07-26 11:49:25,sensorTask timeout
1241,2026-07-26 11:49:26,boot
91253,2026-07-26 11:50:57,sensorTask timeout
1241,2026-07-26 11:50:58,boot
91254,2026-07-26 11:52:29,sensorTask timeout
1242,2026-07-26 11:52:30,boot
96255,2026-07-26 11:54:05,sensorTask timeout
1242,2026-07-26 11:54:06,boot
91254,2026-07-26 11:55:37,sensorTask timeout
1242,2026-07-26 11:55:38,boot
91255,2026-07-26 11:57:09,sensorTask timeout
1243,2026-07-26 11:57:10,boot
91255,2026-07-26 11:58:41,sensorTask timeout
1243,2026-07-26 11:58:42,boot
91255,2026-07-26 12:00:13,sensorTask timeout
1244,2026-07-26 12:00:14,boot
96255,2026-07-26 12:01:50,sensorTask timeout
1244,2026-07-26 12:01:51,boot
91301,2026-07-26 12:03:22,sensorTask timeout
1238,2026-07-26 12:03:23,boot
91250,2026-07-26 12:04:53,sensorTask timeout
1239,2026-07-26 12:04:54,boot
96250,2026-07-26 12:06:30,sensorTask timeout
1239,2026-07-26 12:06:31,boot
91251,2026-07-26 12:08:02,sensorTask timeout
1240,2026-07-26 12:08:03,boot
96251,2026-07-26 12:09:39,sensorTask timeout
1240,2026-07-26 12:09:40,boot
91252,2026-07-26 12:11:11,sensorTask timeout
1240,2026-07-26 12:11:12,boot
91252,2026-07-26 12:12:43,sensorTask timeout
1241,2026-07-26 12:12:44,boot
96252,2026-07-26 12:14:20,sensorTask timeout
1241,2026-07-26 12:14:21,boot
91253,2026-07-26 12:15:51,sensorTask timeout
1242,2026-07-26 12:15:52,boot
96253,2026-07-26 12:17:28,sensorTask timeout
1242,2026-07-26 12:17:29,boot
91254,2026-07-26 12:19:00,sensorTask timeout
1242,2026-07-26 12:19:01,boot
91254,2026-07-26 12:20:32,sensorTask timeout
1243,2026-07-26 12:20:33,boot
96254,2026-07-26 12:22:09,sensorTask timeout
1243,2026-07-26 12:22:10,boot
91255,2026-07-26 12:23:41,sensorTask timeout
1244,2026-07-26 12:23:42,boot
91301,2026-07-26 12:25:13,sensorTask timeout
1238,2026-07-26 12:25:14,boot
96250,2026-07-26 12:26:49,sensorTask timeout
1239,2026-07-26 12:26:50,boot
91251,2026-07-26 12:28:21,sensorTask timeout
1239,2026-07-26 12:28:22,boot
91251,2026-07-26 12:29:53,sensorTask timeout
1240,2026-07-26 12:29:54,boot
96251,2026-07-26 12:31:30,sensorTask timeout
1240,2026-07-26 12:31:31,boot
91252,2026-07-26 12:33:02,sensorTask timeout
1240,2026-07-26 12:33:03,boot
96252,2026-07-26 12:34:39,sensorTask timeout
1241,2026-07-26 12:34:40,boot
91253,2026-07-26 12:36:11,sensorTask timeout
1242,2026-07-26 12:36:12,boot
96253,2026-07-26 12:37:47,sensorTask timeout
1242,2026-07-26 12:37:48,boot
91254,2026-07-26 12:39:19,sensorTask timeout
1242,2026-07-26 12:39:20,boot
91254,2026-07-26 12:40:51,sensorTask timeout
1243,2026-07-26 12:40:52,boot
91255,2026-07-26 12:42:23,sensorTask timeout
1243,2026-07-26 12:42:24,boot
91255,2026-07-26 12:43:55,sensorTask timeout
1244,2026-07-26 12:43:56,boot
96255,2026-07-26 12:45:32,sensorTask timeout
1244,2026-07-26 12:45:33,boot
91256,2026-07-26 12:47:04,sensorTask timeout
1244,2026-07-26 12:47:05,boot
91256,2026-07-26 12:48:35,sensorTask timeout
1245,2026-07-26 12:48:36,boot
96256,2026-07-26 12:50:12,sensorTask timeout
1245,2026-07-26 12:50:13,boot
91257,2026-07-26 12:51:44,sensorTask timeout
1246,2026-07-26 12:51:45,boot
91302,2026-07-26 12:53:16,sensorTask timeout
1240,2026-07-26 12:53:17,boot
96251,2026-07-26 12:54:53,sensorTask timeout
1240,2026-07-26 12:54:54,boot
91254,2026-07-26 12:56:25,sensorTask timeout
1241,2026-07-26 12:56:26,boot
96252,2026-07-26 12:58:02,sensorTask timeout
1241,2026-07-26 12:58:03,boot
91253,2026-07-26 12:59:33,sensorTask timeout
1242,2026-07-26 12:59:34,boot
91253,2026-07-26 13:01:05,sensorTask timeout
1242,2026-07-26 13:01:06,boot
91254,2026-07-26 13:02:37,sensorTask timeout
1242,2026-07-26 13:02:38,boot
91254,2026-07-26 13:04:09,sensorTask timeout
1243,2026-07-26 13:04:10,boot
96254,2026-07-26 13:05:46,sensorTask timeout
1237,2026-07-26 13:05:47,boot
91249,2026-07-26 13:07:18,sensorTask timeout
1238,2026-07-26 13:07:19,boot
91250,2026-07-26 13:08:50,sensorTask timeout
1238,2026-07-26 13:08:51,boot
91250,2026-07-26 13:10:21,sensorTask timeout
1239,2026-07-26 13:10:22,boot
91251,2026-07-26 13:11:53,sensorTask timeout
1239,2026-07-26 13:11:54,boot
91251,2026-07-26 13:13:25,sensorTask timeout
1240,2026-07-26 13:13:26,boot
96251,2026-07-26 13:15:02,sensorTask timeout
1240,2026-07-26 13:15:03,boot
91252,2026-07-26 13:16:34,sensorTask timeout
1240,2026-07-26 13:16:35,boot
91252,2026-07-26 13:18:06,sensorTask timeout
1241,2026-07-26 13:18:07,boot
91253,2026-07-26 13:19:38,sensorTask timeout
1241,2026-07-26 13:19:39,boot
91253,2026-07-26 13:21:09,sensorTask timeout
1242,2026-07-26 13:21:10,boot
96253,2026-07-26 13:22:46,sensorTask timeout
1242,2026-07-26 13:22:47,boot
91254,2026-07-26 13:24:18,sensorTask timeout
1242,2026-07-26 13:24:19,boot
91254,2026-07-26 13:25:50,sensorTask timeout
1243,2026-07-26 13:25:51,boot
96256,2026-07-26 13:27:27,sensorTask timeout
1243,2026-07-26 13:27:28,boot
91255,2026-07-26 13:28:59,sensorTask timeout
1244,2026-07-26 13:29:00,boot
96255,2026-07-26 13:30:36,sensorTask timeout
1244,2026-07-26 13:30:37,boot
91256,2026-07-26 13:32:07,sensorTask timeout
1244,2026-07-26 13:32:08,boot
91257,2026-07-26 13:33:39,sensorTask timeout
1245,2026-07-26 13:33:40,boot
96256,2026-07-26 13:35:16,sensorTask timeout
1245,2026-07-26 13:35:17,boot
91257,2026-07-26 13:36:48,sensorTask timeout
1246,2026-07-26 13:36:49,boot
96257,2026-07-26 13:38:25,sensorTask timeout
1246,2026-07-26 13:38:26,boot
91258,2026-07-26 13:39:57,sensorTask timeout
1246,2026-07-26 13:39:58,boot
91258,2026-07-26 13:41:29,sensorTask timeout
1247,2026-07-26 13:41:30,boot
91303,2026-07-26 13:43:00,sensorTask timeout
1241,2026-07-26 13:43:02,boot
96252,2026-07-26 13:44:37,sensorTask timeout
1241,2026-07-26 13:44:38,boot
91253,2026-07-26 13:46:09,sensorTask timeout
1242,2026-07-26 13:46:10,boot
91299,2026-07-26 13:47:41,sensorTask timeout
1237,2026-07-26 13:47:42,boot
91249,2026-07-26 13:49:13,sensorTask timeout
1237,2026-07-26 13:49:14,boot
91249,2026-07-26 13:50:45,sensorTask timeout
1237,2026-07-26 13:50:46,boot
91249,2026-07-26 13:52:17,sensorTask timeout
1238,2026-07-26 13:52:18,boot
96249,2026-07-26 13:53:54,sensorTask timeout
1238,2026-07-26 13:53:55,boot
96250,2026-07-26 13:55:30,sensorTask timeout
1239,2026-07-26 13:55:31,boot
91251,2026-07-26 13:57:02,sensorTask timeout
1239,2026-07-26 13:57:03,boot
96262,2026-07-26 13:58:39,sensorTask timeout
1240,2026-07-26 13:58:40,boot
91252,2026-07-26 14:00:11,sensorTask timeout
1240,2026-07-26 14:00:12,boot
91252,2026-07-26 14:01:43,sensorTask timeout
1241,2026-07-26 14:01:44,boot
91253,2026-07-26 14:03:15,sensorTask timeout
1241,2026-07-26 14:03:16,boot
91253,2026-07-26 14:04:46,sensorTask timeout
1242,2026-07-26 14:04:48,boot
96253,2026-07-26 14:06:23,sensorTask timeout
1242,2026-07-26 14:06:24,boot
91254,2026-07-26 14:07:55,sensorTask timeout
1242,2026-07-26 14:07:56,boot
91254,2026-07-26 14:09:27,sensorTask timeout
1243,2026-07-26 14:09:28,boot
96254,2026-07-26 14:11:04,sensorTask timeout
1243,2026-07-26 14:11:05,boot
91255,2026-07-26 14:12:36,sensorTask timeout
1244,2026-07-26 14:12:37,boot
96255,2026-07-26 14:14:13,sensorTask timeout
1244,2026-07-26 14:14:14,boot
91256,2026-07-26 14:15:44,sensorTask timeout
1244,2026-07-26 14:15:45,boot
91256,2026-07-26 14:17:16,sensorTask timeout
1245,2026-07-26 14:17:17,boot
96258,2026-07-26 14:18:53,sensorTask timeout
1245,2026-07-26 14:18:54,boot
91257,2026-07-26 14:20:25,sensorTask timeout
1246,2026-07-26 14:20:26,boot
91257,2026-07-26 14:21:57,sensorTask timeout
1246,2026-07-26 14:21:58,boot
91258,2026-07-26 14:23:29,sensorTask timeout
1246,2026-07-26 14:23:30,boot
91258,2026-07-26 14:25:01,sensorTask timeout
1247,2026-07-26 14:25:02,boot
96258,2026-07-26 14:26:37,sensorTask timeout
1247,2026-07-26 14:26:39,boot
91259,2026-07-26 14:28:09,sensorTask timeout
1242,2026-07-26 14:28:10,boot
91254,2026-07-26 14:29:41,sensorTask timeout
1242,2026-07-26 14:29:42,boot
91254,2026-07-26 14:31:13,sensorTask timeout
1243,2026-07-26 14:31:14,boot
96299,2026-07-26 14:32:50,sensorTask timeout
1237,2026-07-26 14:32:51,boot
91249,2026-07-26 14:34:22,sensorTask timeout
1237,2026-07-26 14:34:23,boot
91249,2026-07-26 14:35:54,sensorTask timeout
1238,2026-07-26 14:35:55,boot
96249,2026-07-26 14:37:31,sensorTask timeout
1238,2026-07-26 14:37:32,boot
91250,2026-07-26 14:39:02,sensorTask timeout
1239,2026-07-26 14:39:03,boot
91251,2026-07-26 14:40:34,sensorTask timeout
1239,2026-07-26 14:40:35,boot
91251,2026-07-26 14:42:06,sensorTask timeout
1239,2026-07-26 14:42:07,boot
91251,2026-07-26 14:43:38,sensorTask timeout
1240,2026-07-26 14:43:39,boot
91252,2026-07-26 14:45:10,sensorTask timeout
1240,2026-07-26 14:45:11,boot
91252,2026-07-26 14:46:42,sensorTask timeout
1240,2026-07-26 14:46:43,boot
91252,2026-07-26 14:48:14,sensorTask timeout
1241,2026-07-26 14:48:15,boot
91255,2026-07-26 14:49:45,sensorTask timeout
1242,2026-07-26 14:49:46,boot
96253,2026-07-26 14:51:22,sensorTask timeout
1242,2026-07-26 14:51:23,boot
91254,2026-07-26 14:52:54,sensorTask timeout
1242,2026-07-26 14:52:55,boot
91254,2026-07-26 14:54:26,sensorTask timeout
1243,2026-07-26 14:54:27,boot
96254,2026-07-26 14:56:03,sensorTask timeout
1243,2026-07-26 14:56:04,boot
91255,2026-07-26 14:57:35,sensorTask timeout
1244,2026-07-26 14:57:36,boot
96255,2026-07-26 14:59:12,sensorTask timeout
1244,2026-07-26 14:59:13,boot
91256,2026-07-26 15:00:43,sensorTask timeout
1244,2026-07-26 15:00:44,boot
91256,2026-07-26 15:02:15,sensorTask timeout
1245,2026-07-26 15:02:16,boot
96256,2026-07-26 15:03:52,sensorTask timeout
1245,2026-07-26 15:03:53,boot
91257,2026-07-26 15:05:24,sensorTask timeout
1246,2026-07-26 15:05:25,boot
96257,2026-07-26 15:07:01,sensorTask timeout
1246,2026-07-26 15:07:02,boot
91258,2026-07-26 15:08:33,sensorTask timeout
1246,2026-07-26 15:08:34,boot
91258,2026-07-26 15:10:05,sensorTask timeout
1241,2026-07-26 15:10:06,boot
91253,2026-07-26 15:11:36,sensorTask timeout
1242,2026-07-26 15:11:37,boot
96253,2026-07-26 15:13:13,sensorTask timeout
1242,2026-07-26 15:13:14,boot
91254,2026-07-26 15:14:45,sensorTask timeout
1242,2026-07-26 15:14:46,boot
96254,2026-07-26 15:16:22,sensorTask timeout
1243,2026-07-26 15:16:23,boot
91255,2026-07-26 15:17:54,sensorTask timeout
1243,2026-07-26 15:17:55,boot
91255,2026-07-26 15:19:26,sensorTask timeout
1244,2026-07-26 15:19:27,boot
91267,2026-07-26 15:20:58,sensorTask timeout
1244,2026-07-26 15:20:59,boot
91301,2026-07-26 15:22:30,sensorTask timeout
1238,2026-07-26 15:22:31,boot
91250,2026-07-26 15:24:01,sensorTask timeout
1239,2026-07-26 15:24:02,boot
91251,2026-07-26 15:25:33,sensorTask timeout
1239,2026-07-26 15:25:34,boot
91251,2026-07-26 15:27:05,sensorTask timeout
1240,2026-07-26 15:27:06,boot
96251,2026-07-26 15:28:42,sensorTask timeout
1240,2026-07-26 15:28:43,boot
91252,2026-07-26 15:30:14,sensorTask timeout
1240,2026-07-26 15:30:15,boot
91252,2026-07-26 15:31:46,sensorTask timeout
1241,2026-07-26 15:31:47,boot
96252,2026-07-26 15:33:22,sensorTask timeout
1241,2026-07-26 15:33:23,boot
91253,2026-07-26 15:34:54,sensorTask timeout
1242,2026-07-26 15:34:55,boot
96253,2026-07-26 15:36:31,sensorTask timeout
1242,2026-07-26 15:36:32,boot
91254,2026-07-26 15:38:03,sensorTask timeout
1242,2026-07-26 15:38:04,boot
91254,2026-07-26 15:39:35,sensorTask timeout
1243,2026-07-26 15:39:36,boot
96254,2026-07-26 15:41:12,sensorTask timeout
1244,2026-07-26 15:41:13,boot
96255,2026-07-26 15:42:49,sensorTask timeout
1244,2026-07-26 15:42:50,boot
96255,2026-07-26 15:44:25,sensorTask timeout
1244,2026-07-26 15:44:26,boot
91256,2026-07-26 15:45:57,sensorTask timeout
1245,2026-07-26 15:45:58,boot
96256,2026-07-26 15:47:34,sensorTask timeout
1245,2026-07-26 15:47:35,boot
96256,2026-07-26 15:49:11,sensorTask timeout
1246,2026-07-26 15:49:12,boot
96257,2026-07-26 15:50:48,sensorTask timeout
1246,2026-07-26 15:50:49,boot
91303,2026-07-26 15:52:20,sensorTask timeout
1241,2026-07-26 15:52:21,boot
91253,2026-07-26 15:53:52,sensorTask timeout
1241,2026-07-26 15:53:53,boot
91253,2026-07-26 15:55:24,sensorTask timeout
1242,2026-07-26 15:55:25,boot
96253,2026-07-26 15:57:00,sensorTask timeout
1242,2026-07-26 15:57:01,boot
91254,2026-07-26 15:58:32,sensorTask timeout
1242,2026-07-26 15:58:33,boot
96254,2026-07-26 16:00:09,sensorTask timeout
1243,2026-07-26 16:00:10,boot
91255,2026-07-26 16:01:41,sensorTask timeout
1243,2026-07-26 16:01:42,boot
91255,2026-07-26 16:03:13,sensorTask timeout
1244,2026-07-26 16:03:14,boot
96255,2026-07-26 16:04:50,sensorTask timeout
1244,2026-07-26 16:04:51,boot
91256,2026-07-26 16:06:22,sensorTask timeout
1244,2026-07-26 16:06:23,boot
91256,2026-07-26 16:07:53,sensorTask timeout
1245,2026-07-26 16:07:54,boot
91257,2026-07-26 16:09:25,sensorTask timeout
1245,2026-07-26 16:09:26,boot
91257,2026-07-26 16:10:57,sensorTask timeout
1245,2026-07-26 16:10:58,boot
91302,2026-07-26 16:12:29,sensorTask timeout
1240,2026-07-26 16:12:30,boot
96251,2026-07-26 16:14:06,sensorTask timeout
1240,2026-07-26 16:14:07,boot
91252,2026-07-26 16:15:38,sensorTask timeout
1240,2026-07-26 16:15:39,boot
91252,2026-07-26 16:17:10,sensorTask timeout
1241,2026-07-26 16:17:11,boot
96252,2026-07-26 16:18:46,sensorTask timeout
1241,2026-07-26 16:18:47,boot
91253,2026-07-26 16:20:18,sensorTask timeout
1242,2026-07-26 16:20:19,boot
96253,2026-07-26 16:21:55,sensorTask timeout
1242,2026-07-26 16:21:56,boot
91256,2026-07-26 16:23:27,sensorTask timeout
1242,2026-07-26 16:23:28,boot
91254,2026-07-26 16:24:59,sensorTask timeout
1243,2026-07-26 16:25:00,boot
96254,2026-07-26 16:26:36,sensorTask timeout
1243,2026-07-26 16:26:37,boot
91255,2026-07-26 16:28:08,sensorTask timeout
1244,2026-07-26 16:28:09,boot
91255,2026-07-26 16:29:39,sensorTask timeout
1244,2026-07-26 16:29:40,boot
91256,2026-07-26 16:31:11,sensorTask timeout
1244,2026-07-26 16:31:12,boot
91256,2026-07-26 16:32:43,sensorTask timeout
1239,2026-07-26 16:32:44,boot
91251,2026-07-26 16:34:15,sensorTask timeout
1240,2026-07-26 16:34:16,boot
96251,2026-07-26 16:35:52,sensorTask timeout
1240,2026-07-26 16:35:53,boot
91252,2026-07-26 16:37:24,sensorTask timeout
1240,2026-07-26 16:37:25,boot
96252,2026-07-26 16:39:01,sensorTask timeout
1241,2026-07-26 16:39:02,boot
91253,2026-07-26 16:40:32,sensorTask timeout
1241,2026-07-26 16:40:33,boot
91253,2026-07-26 16:42:04,sensorTask timeout
1242,2026-07-26 16:42:05,boot
96253,2026-07-26 16:43:41,sensorTask timeout
1243,2026-07-26 16:43:42,boot
91255,2026-07-26 16:45:13,sensorTask timeout
1243,2026-07-26 16:45:14,boot
91255,2026-07-26 16:46:45,sensorTask timeout
1244,2026-07-26 16:46:46,boot
96255,2026-07-26 16:48:22,sensorTask timeout
1244,2026-07-26 16:48:23,boot
96255,2026-07-26 16:49:59,sensorTask timeout
1244,2026-07-26 16:50:00,boot
91256,2026-07-26 16:51:30,sensorTask timeout
1244,2026-07-26 16:51:31,boot
91256,2026-07-26 16:53:02,sensorTask timeout
1245,2026-07-26 16:53:03,boot
96258,2026-07-26 16:54:39,sensorTask timeout
1246,2026-07-26 16:54:40,boot
96257,2026-07-26 16:56:16,sensorTask timeout
1246,2026-07-26 16:56:17,boot
91258,2026-07-26 16:57:48,sensorTask timeout
1246,2026-07-26 16:57:49,boot
91258,2026-07-26 16:59:20,sensorTask timeout
1247,2026-07-26 16:59:21,boot
96258,2026-07-26 17:00:57,sensorTask timeout
1247,2026-07-26 17:00:58,boot
91303,2026-07-26 17:02:29,sensorTask timeout
1241,2026-07-26 17:02:30,boot
91253,2026-07-26 17:04:00,sensorTask timeout
1242,2026-07-26 17:04:01,boot
96253,2026-07-26 17:05:37,sensorTask timeout
1242,2026-07-26 17:05:38,boot
91254,2026-07-26 17:07:09,sensorTask timeout
1242,2026-07-26 17:07:10,boot
91254,2026-07-26 17:08:41,sensorTask timeout
1243,2026-07-26 17:08:42,boot
96254,2026-07-26 17:10:18,sensorTask timeout
1243,2026-07-26 17:10:19,boot
91255,2026-07-26 17:11:50,sensorTask timeout
1244,2026-07-26 17:11:51,boot
96255,2026-07-26 17:13:27,sensorTask timeout
1244,2026-07-26 17:13:28,boot
96301,2026-07-26 17:15:03,sensorTask timeout
1239,2026-07-26 17:15:04,boot
1256,2026-07-26 17:15:15,boot
91267,2026-07-26 17:16:47,sensorTask timeout
1256,2026-07-26 17:16:48,boot
96268,2026-07-26 17:18:24,sensorTask timeout
1256,2026-07-26 17:18:25,boot
96268,2026-07-26 17:20:01,sensorTask timeout
1257,2026-07-26 17:20:02,boot
91268,2026-07-26 17:21:33,sensorTask timeout
1258,2026-07-26 17:21:34,boot
91269,2026-07-26 17:23:05,sensorTask timeout
1258,2026-07-26 17:23:06,boot
91269,2026-07-26 17:24:37,sensorTask timeout
1258,2026-07-26 17:24:38,boot
96270,2026-07-26 17:26:13,sensorTask timeout
1258,2026-07-26 17:26:14,boot
96270,2026-07-26 17:27:50,sensorTask timeout
1259,2026-07-26 17:27:51,boot
91270,2026-07-26 17:29:22,sensorTask timeout
1260,2026-07-26 17:29:23,boot
91271,2026-07-26 17:30:54,sensorTask timeout
1260,2026-07-26 17:30:55,boot
91271,2026-07-26 17:32:26,sensorTask timeout
1260,2026-07-26 17:32:27,boot
91272,2026-07-26 17:33:58,sensorTask timeout
1261,2026-07-26 17:33:59,boot
91274,2026-07-26 17:35:30,sensorTask timeout
1261,2026-07-26 17:35:31,boot
91272,2026-07-26 17:37:02,sensorTask timeout
1262,2026-07-26 17:37:03,boot
96273,2026-07-26 17:38:38,sensorTask timeout
1262,2026-07-26 17:38:39,boot
91273,2026-07-26 17:40:10,sensorTask timeout
1262,2026-07-26 17:40:11,boot
91273,2026-07-26 17:41:42,sensorTask timeout
1263,2026-07-26 17:41:43,boot
91274,2026-07-26 17:43:14,sensorTask timeout
1263,2026-07-26 17:43:15,boot
91274,2026-07-26 17:44:46,sensorTask timeout
1264,2026-07-26 17:44:47,boot
96275,2026-07-26 17:46:23,sensorTask timeout
1264,2026-07-26 17:46:24,boot
91275,2026-07-26 17:47:55,sensorTask timeout
1264,2026-07-26 17:47:56,boot
91275,2026-07-26 17:49:27,sensorTask timeout
1265,2026-07-26 17:49:28,boot
91276,2026-07-26 17:50:58,sensorTask timeout
1259,2026-07-26 17:51:00,boot
91270,2026-07-26 17:52:30,sensorTask timeout
1259,2026-07-26 17:52:31,boot
91270,2026-07-26 17:54:02,sensorTask timeout
1260,2026-07-26 17:54:03,boot
96271,2026-07-26 17:55:39,sensorTask timeout
1254,2026-07-26 17:55:40,boot
96266,2026-07-26 17:57:16,sensorTask timeout
1255,2026-07-26 17:57:17,boot
91266,2026-07-26 17:58:48,sensorTask timeout
1255,2026-07-26 17:58:49,boot
91266,2026-07-26 18:00:20,sensorTask timeout
1256,2026-07-26 18:00:21,boot
91267,2026-07-26 18:01:52,sensorTask timeout
1256,2026-07-26 18:01:53,boot
91267,2026-07-26 18:03:24,sensorTask timeout
1256,2026-07-26 18:03:25,boot
91268,2026-07-26 18:04:55,sensorTask timeout
1257,2026-07-26 18:04:56,boot
91279,2026-07-26 18:06:27,sensorTask timeout
1258,2026-07-26 18:06:28,boot
91269,2026-07-26 18:07:59,sensorTask timeout
1258,2026-07-26 18:08:00,boot
91269,2026-07-26 18:09:31,sensorTask timeout
1258,2026-07-26 18:09:32,boot
96270,2026-07-26 18:11:08,sensorTask timeout
1259,2026-07-26 18:11:09,boot
91270,2026-07-26 18:12:40,sensorTask timeout
1259,2026-07-26 18:12:41,boot
91270,2026-07-26 18:14:12,sensorTask timeout
1260,2026-07-26 18:14:13,boot
91271,2026-07-26 18:15:44,sensorTask timeout
1260,2026-07-26 18:15:45,boot
91271,2026-07-26 18:17:15,sensorTask timeout
1260,2026-07-26 18:17:16,boot
91271,2026-07-26 18:18:47,sensorTask timeout
1261,2026-07-26 18:18:48,boot
91272,2026-07-26 18:20:19,sensorTask timeout
1261,2026-07-26 18:20:20,boot
91272,2026-07-26 18:21:51,sensorTask timeout
1262,2026-07-26 18:21:52,boot
96273,2026-07-26 18:23:28,sensorTask timeout
1262,2026-07-26 18:23:29,boot
91273,2026-07-26 18:25:00,sensorTask timeout
1262,2026-07-26 18:25:01,boot
91273,2026-07-26 18:26:32,sensorTask timeout
1263,2026-07-26 18:26:33,boot
91274,2026-07-26 18:28:04,sensorTask timeout
1264,2026-07-26 18:28:05,boot
96275,2026-07-26 18:29:40,sensorTask timeout
1264,2026-07-26 18:29:41,boot
96275,2026-07-26 18:31:17,sensorTask timeout
1264,2026-07-26 18:31:18,boot
91275,2026-07-26 18:32:49,sensorTask timeout
1265,2026-07-26 18:32:50,boot
91276,2026-07-26 18:34:21,sensorTask timeout
1265,2026-07-26 18:34:22,boot
91276,2026-07-26 18:35:53,sensorTask timeout
1266,2026-07-26 18:35:54,boot
91322,2026-07-26 18:37:25,sensorTask timeout
1260,2026-07-26 18:37:26,boot
91271,2026-07-26 18:38:57,sensorTask timeout
1261,2026-07-26 18:38:58,boot
91272,2026-07-26 18:40:29,sensorTask timeout
1254,2026-07-26 18:40:30,boot
96266,2026-07-26 18:42:05,sensorTask timeout
1255,2026-07-26 18:42:07,boot
91266,2026-07-26 18:43:37,sensorTask timeout
1256,2026-07-26 18:43:38,boot
91267,2026-07-26 18:45:09,sensorTask timeout
1256,2026-07-26 18:45:10,boot
91267,2026-07-26 18:46:41,sensorTask timeout
1256,2026-07-26 18:46:42,boot
96268,2026-07-26 18:48:18,sensorTask timeout
1257,2026-07-26 18:48:19,boot
91268,2026-07-26 18:49:50,sensorTask timeout
1257,2026-07-26 18:49:51,boot
91268,2026-07-26 18:51:22,sensorTask timeout
1258,2026-07-26 18:51:23,boot
91269,2026-07-26 18:52:54,sensorTask timeout
1258,2026-07-26 18:52:55,boot
91269,2026-07-26 18:54:25,sensorTask timeout
1258,2026-07-26 18:54:26,boot
96270,2026-07-26 18:56:02,sensorTask timeout
1259,2026-07-26 18:56:03,boot
91270,2026-07-26 18:57:34,sensorTask timeout
1259,2026-07-26 18:57:35,boot
91270,2026-07-26 18:59:06,sensorTask timeout
1260,2026-07-26 18:59:07,boot
96271,2026-07-26 19:00:43,sensorTask timeout
1260,2026-07-26 19:00:44,boot
91271,2026-07-26 19:02:15,sensorTask timeout
1260,2026-07-26 19:02:16,boot
91271,2026-07-26 19:03:47,sensorTask timeout
1261,2026-07-26 19:03:48,boot
91272,2026-07-26 19:05:19,sensorTask timeout
1261,2026-07-26 19:05:20,boot
91272,2026-07-26 19:06:50,sensorTask timeout
1262,2026-07-26 19:06:51,boot
91274,2026-07-26 19:08:22,sensorTask timeout
1262,2026-07-26 19:08:23,boot
91273,2026-07-26 19:09:54,sensorTask timeout
1262,2026-07-26 19:09:55,boot
91273,2026-07-26 19:11:26,sensorTask timeout
1263,2026-07-26 19:11:27,boot
91274,2026-07-26 19:12:58,sensorTask timeout
1263,2026-07-26 19:12:59,boot
91274,2026-07-26 19:14:30,sensorTask timeout
1264,2026-07-26 19:14:31,boot
91274,2026-07-26 19:16:02,sensorTask timeout
1264,2026-07-26 19:16:03,boot
91275,2026-07-26 19:17:34,sensorTask timeout
1259,2026-07-26 19:17:35,boot
91270,2026-07-26 19:19:05,sensorTask timeout
1259,2026-07-26 19:19:06,boot
91270,2026-07-26 19:20:37,sensorTask timeout
1260,2026-07-26 19:20:38,boot
91271,2026-07-26 19:22:09,sensorTask timeout
1260,2026-07-26 19:22:10,boot
91271,2026-07-26 19:23:41,sensorTask timeout
1260,2026-07-26 19:23:42,boot
91271,2026-07-26 19:25:13,sensorTask timeout
1261,2026-07-26 19:25:14,boot
91272,2026-07-26 19:26:45,sensorTask timeout
1262,2026-07-26 19:26:46,boot
91273,2026-07-26 19:28:17,sensorTask timeout
1262,2026-07-26 19:28:18,boot
91273,2026-07-26 19:29:49,sensorTask timeout
1256,2026-07-26 19:29:50,boot
91267,2026-07-26 19:31:21,sensorTask timeout
1256,2026-07-26 19:31:22,boot
91268,2026-07-26 19:32:52,sensorTask timeout
1257,2026-07-26 19:32:53,boot
91268,2026-07-26 19:34:24,sensorTask timeout
1257,2026-07-26 19:34:25,boot
91268,2026-07-26 19:35:56,sensorTask timeout
1258,2026-07-26 19:35:57,boot
91269,2026-07-26 19:37:28,sensorTask timeout
1258,2026-07-26 19:37:29,boot
91271,2026-07-26 19:39:00,sensorTask timeout
1258,2026-07-26 19:39:01,boot
91269,2026-07-26 19:40:32,sensorTask timeout
1259,2026-07-26 19:40:33,boot
91270,2026-07-26 19:42:04,sensorTask timeout
1259,2026-07-26 19:42:05,boot
91270,2026-07-26 19:43:35,sensorTask timeout
1260,2026-07-26 19:43:37,boot
96271,2026-07-26 19:45:12,sensorTask timeout
1260,2026-07-26 19:45:13,boot
91271,2026-07-26 19:46:44,sensorTask timeout
1260,2026-07-26 19:46:45,boot
91271,2026-07-26 19:48:16,sensorTask timeout
1261,2026-07-26 19:48:17,boot
91272,2026-07-26 19:49:48,sensorTask timeout
1261,2026-07-26 19:49:49,boot
91272,2026-07-26 19:51:20,sensorTask timeout
1262,2026-07-26 19:51:21,boot
96273,2026-07-26 19:52:57,sensorTask timeout
1262,2026-07-26 19:52:58,boot
91273,2026-07-26 19:54:29,sensorTask timeout
1263,2026-07-26 19:54:30,boot
91274,2026-07-26 19:56:00,sensorTask timeout
1263,2026-07-26 19:56:01,boot
91274,2026-07-26 19:57:32,sensorTask timeout
1263,2026-07-26 19:57:33,boot
91320,2026-07-26 19:59:04,sensorTask timeout
1258,2026-07-26 19:59:05,boot
91270,2026-07-26 20:00:36,sensorTask timeout
1259,2026-07-26 20:00:37,boot
91270,2026-07-26 20:02:08,sensorTask timeout
1259,2026-07-26 20:02:09,boot
91270,2026-07-26 20:03:40,sensorTask timeout
1260,2026-07-26 20:03:41,boot
91272,2026-07-26 20:05:12,sensorTask timeout
1260,2026-07-26 20:05:13,boot
91271,2026-07-26 20:06:44,sensorTask timeout
1260,2026-07-26 20:06:45,boot
91272,2026-07-26 20:08:16,sensorTask timeout
1261,2026-07-26 20:08:17,boot
91270,2026-07-26 20:09:47,sensorTask timeout
1261,2026-07-26 20:09:48,boot
91272,2026-07-26 20:11:19,sensorTask timeout
1262,2026-07-26 20:11:20,boot
91273,2026-07-26 20:12:51,sensorTask timeout
1262,2026-07-26 20:12:52,boot
91273,2026-07-26 20:14:23,sensorTask timeout
1262,2026-07-26 20:14:24,boot
91273,2026-07-26 20:15:55,sensorTask timeout
1263,2026-07-26 20:15:56,boot
91274,2026-07-26 20:17:27,sensorTask timeout
1263,2026-07-26 20:17:28,boot
91274,2026-07-26 20:18:59,sensorTask timeout
1257,2026-07-26 20:19:00,boot
91268,2026-07-26 20:20:31,sensorTask timeout
1258,2026-07-26 20:20:32,boot
96269,2026-07-26 20:22:07,sensorTask timeout
1258,2026-07-26 20:22:08,boot
91269,2026-07-26 20:23:39,sensorTask timeout
1258,2026-07-26 20:23:40,boot
91269,2026-07-26 20:25:11,sensorTask timeout
1259,2026-07-26 20:25:12,boot
91270,2026-07-26 20:26:43,sensorTask timeout
1259,2026-07-26 20:26:44,boot
91270,2026-07-26 20:28:15,sensorTask timeout
1260,2026-07-26 20:28:16,boot
96273,2026-07-26 20:29:52,sensorTask timeout
1260,2026-07-26 20:29:53,boot
91271,2026-07-26 20:31:24,sensorTask timeout
1260,2026-07-26 20:31:25,boot
91271,2026-07-26 20:32:56,sensorTask timeout
1261,2026-07-26 20:32:57,boot
91272,2026-07-26 20:34:27,sensorTask timeout
1261,2026-07-26 20:34:28,boot
91272,2026-07-26 20:35:59,sensorTask timeout
1262,2026-07-26 20:36:00,boot
96273,2026-07-26 20:37:36,sensorTask timeout
1262,2026-07-26 20:37:37,boot
91273,2026-07-26 20:39:08,sensorTask timeout
1257,2026-07-26 20:39:09,boot
91268,2026-07-26 20:40:40,sensorTask timeout
1257,2026-07-26 20:40:41,boot
91268,2026-07-26 20:42:12,sensorTask timeout
1258,2026-07-26 20:42:13,boot
91269,2026-07-26 20:43:44,sensorTask timeout
1258,2026-07-26 20:43:45,boot
91270,2026-07-26 20:45:16,sensorTask timeout
1258,2026-07-26 20:45:17,boot
96270,2026-07-26 20:46:52,sensorTask timeout
1259,2026-07-26 20:46:53,boot
91270,2026-07-26 20:48:24,sensorTask timeout
1259,2026-07-26 20:48:25,boot
91270,2026-07-26 20:49:56,sensorTask timeout
1260,2026-07-26 20:49:57,boot
91272,2026-07-26 20:51:28,sensorTask timeout
1261,2026-07-26 20:51:29,boot
91272,2026-07-26 20:53:00,sensorTask timeout
1261,2026-07-26 20:53:01,boot
91272,2026-07-26 20:54:32,sensorTask timeout
1262,2026-07-26 20:54:33,boot
91273,2026-07-26 20:56:04,sensorTask timeout
1262,2026-07-26 20:56:05,boot
91273,2026-07-26 20:57:36,sensorTask timeout
1262,2026-07-26 20:57:37,boot
96274,2026-07-26 20:59:12,sensorTask timeout
1262,2026-07-26 20:59:13,boot
91275,2026-07-26 21:00:44,sensorTask timeout
1263,2026-07-26 21:00:45,boot
91274,2026-07-26 21:02:16,sensorTask timeout
1264,2026-07-26 21:02:17,boot
96275,2026-07-26 21:03:53,sensorTask timeout
1264,2026-07-26 21:03:54,boot
91276,2026-07-26 21:05:25,sensorTask timeout
1264,2026-07-26 21:05:26,boot
91275,2026-07-26 21:06:57,sensorTask timeout
1265,2026-07-26 21:06:58,boot
91276,2026-07-26 21:08:29,sensorTask timeout
1259,2026-07-26 21:08:30,boot
91270,2026-07-26 21:10:01,sensorTask timeout
1259,2026-07-26 21:10:02,boot
91270,2026-07-26 21:11:32,sensorTask timeout
1260,2026-07-26 21:11:34,boot
96271,2026-07-26 21:13:09,sensorTask timeout
1260,2026-07-26 21:13:10,boot
91271,2026-07-26 21:14:41,sensorTask timeout
1260,2026-07-26 21:14:42,boot
91271,2026-07-26 21:16:13,sensorTask timeout
1261,2026-07-26 21:16:14,boot
91272,2026-07-26 21:17:45,sensorTask timeout
1261,2026-07-26 21:17:46,boot
91272,2026-07-26 21:19:17,sensorTask timeout
1262,2026-07-26 21:19:18,boot
96273,2026-07-26 21:20:54,sensorTask timeout
1256,2026-07-26 21:20:55,boot
91267,2026-07-26 21:22:26,sensorTask timeout
1257,2026-07-26 21:22:27,boot
91268,2026-07-26 21:23:58,sensorTask timeout
1257,2026-07-26 21:23:59,boot
91268,2026-07-26 21:25:29,sensorTask timeout
1258,2026-07-26 21:25:30,boot
91269,2026-07-26 21:27:01,sensorTask timeout
1258,2026-07-26 21:27:02,boot
91269,2026-07-26 21:28:33,sensorTask timeout
1258,2026-07-26 21:28:34,boot
96270,2026-07-26 21:30:10,sensorTask timeout
1259,2026-07-26 21:30:11,boot
91272,2026-07-26 21:31:42,sensorTask timeout
1259,2026-07-26 21:31:43,boot
91270,2026-07-26 21:33:14,sensorTask timeout
1260,2026-07-26 21:33:15,boot
91271,2026-07-26 21:34:46,sensorTask timeout
1260,2026-07-26 21:34:47,boot
91271,2026-07-26 21:36:18,sensorTask timeout
1260,2026-07-26 21:36:19,boot
91272,2026-07-26 21:37:49,sensorTask timeout
1261,2026-07-26 21:37:50,boot
91272,2026-07-26 21:39:21,sensorTask timeout
1261,2026-07-26 21:39:22,boot
91272,2026-07-26 21:40:53,sensorTask timeout
1262,2026-07-26 21:40:54,boot
96273,2026-07-26 21:42:30,sensorTask timeout
1262,2026-07-26 21:42:31,boot
91273,2026-07-26 21:44:02,sensorTask timeout
1262,2026-07-26 21:44:03,boot
91273,2026-07-26 21:45:34,sensorTask timeout
1263,2026-07-26 21:45:35,boot
91274,2026-07-26 21:47:06,sensorTask timeout
1263,2026-07-26 21:47:07,boot
91274,2026-07-26 21:48:38,sensorTask timeout
1264,2026-07-26 21:48:39,boot
96275,2026-07-26 21:50:14,sensorTask timeout
1264,2026-07-26 21:50:15,boot
91275,2026-07-26 21:51:46,sensorTask timeout
1264,2026-07-26 21:51:47,boot
91275,2026-07-26 21:53:18,sensorTask timeout
1265,2026-07-26 21:53:19,boot
91276,2026-07-26 21:54:50,sensorTask timeout
1265,2026-07-26 21:54:51,boot
91276,2026-07-26 21:56:22,sensorTask timeout
1266,2026-07-26 21:56:23,boot
96277,2026-07-26 21:57:59,sensorTask timeout
1260,2026-07-26 21:58:00,boot
96271,2026-07-26 21:59:36,sensorTask timeout
1260,2026-07-26 21:59:37,boot
91271,2026-07-26 22:01:08,sensorTask timeout
1261,2026-07-26 22:01:09,boot
91318,2026-07-26 22:02:39,sensorTask timeout
1256,2026-07-26 22:02:41,boot
91267,2026-07-26 22:04:11,sensorTask timeout
1256,2026-07-26 22:04:12,boot
91267,2026-07-26 22:05:43,sensorTask timeout
1256,2026-07-26 22:05:44,boot
96268,2026-07-26 22:07:20,sensorTask timeout
1257,2026-07-26 22:07:21,boot
91268,2026-07-26 22:08:52,sensorTask timeout
1257,2026-07-26 22:08:53,boot
91268,2026-07-26 22:10:24,sensorTask timeout
1258,2026-07-26 22:10:25,boot
91269,2026-07-26 22:11:56,sensorTask timeout
1258,2026-07-26 22:11:57,boot
91269,2026-07-26 22:13:28,sensorTask timeout
1259,2026-07-26 22:13:29,boot
91270,2026-07-26 22:14:59,sensorTask timeout
1259,2026-07-26 22:15:00,boot
91270,2026-07-26 22:16:31,sensorTask timeout
1260,2026-07-26 22:16:32,boot
91271,2026-07-26 22:18:03,sensorTask timeout
1260,2026-07-26 22:18:04,boot
91271,2026-07-26 22:19:35,sensorTask timeout
1260,2026-07-26 22:19:36,boot
91272,2026-07-26 22:21:07,sensorTask timeout
1261,2026-07-26 22:21:08,boot
91272,2026-07-26 22:22:39,sensorTask timeout
1261,2026-07-26 22:22:40,boot
91272,2026-07-26 22:24:11,sensorTask timeout
1262,2026-07-26 22:24:12,boot
96273,2026-07-26 22:25:48,sensorTask timeout
1262,2026-07-26 22:25:49,boot
91273,2026-07-26 22:27:19,sensorTask timeout
1262,2026-07-26 22:27:20,boot
91273,2026-07-26 22:28:51,sensorTask timeout
1263,2026-07-26 22:28:52,boot
91274,2026-07-26 22:30:23,sensorTask timeout
1263,2026-07-26 22:30:24,boot
91274,2026-07-26 22:31:55,sensorTask timeout
1264,2026-07-26 22:31:56,boot
91277,2026-07-26 22:33:27,sensorTask timeout
1264,2026-07-26 22:33:28,boot
91275,2026-07-26 22:34:59,sensorTask timeout
1264,2026-07-26 22:35:00,boot
91275,2026-07-26 22:36:31,sensorTask timeout
1265,2026-07-26 22:36:32,boot
91276,2026-07-26 22:38:03,sensorTask timeout
1265,2026-07-26 22:38:04,boot
91276,2026-07-26 22:39:34,sensorTask timeout
1266,2026-07-26 22:39:35,boot
91276,2026-07-26 22:41:06,sensorTask timeout
1266,2026-07-26 22:41:07,boot
91277,2026-07-26 22:42:38,sensorTask timeout
1261,2026-07-26 22:42:39,boot
91272,2026-07-26 22:44:10,sensorTask timeout
1261,2026-07-26 22:44:11,boot
91272,2026-07-26 22:45:42,sensorTask timeout
1262,2026-07-26 22:45:43,boot
91273,2026-07-26 22:47:14,sensorTask timeout
1256,2026-07-26 22:47:15,boot
1256,2026-07-26 22:47:26,boot
91267,2026-07-26 22:48:58,sensorTask timeout
1256,2026-07-26 22:48:59,boot
96268,2026-07-26 22:50:35,sensorTask timeout
1257,2026-07-26 22:50:36,boot
91268,2026-07-26 22:52:07,sensorTask timeout
1257,2026-07-26 22:52:08,boot
91268,2026-07-26 22:53:38,sensorTask timeout
1258,2026-07-26 22:53:39,boot
91269,2026-07-26 22:55:10,sensorTask timeout
1258,2026-07-26 22:55:11,boot
91269,2026-07-26 22:56:42,sensorTask timeout
1258,2026-07-26 22:56:43,boot
91270,2026-07-26 22:58:14,sensorTask timeout
1259,2026-07-26 22:58:15,boot
91270,2026-07-26 22:59:46,sensorTask timeout
1259,2026-07-26 22:59:47,boot
91270,2026-07-26 23:01:18,sensorTask timeout
1260,2026-07-26 23:01:19,boot
91272,2026-07-26 23:02:50,sensorTask timeout
1260,2026-07-26 23:02:51,boot
91271,2026-07-26 23:04:21,sensorTask timeout
1260,2026-07-26 23:04:23,boot
91271,2026-07-26 23:05:53,sensorTask timeout
1261,2026-07-26 23:05:54,boot
91272,2026-07-26 23:07:25,sensorTask timeout
1261,2026-07-26 23:07:26,boot
91272,2026-07-26 23:08:57,sensorTask timeout
1262,2026-07-26 23:08:58,boot
96273,2026-07-26 23:10:34,sensorTask timeout
1262,2026-07-26 23:10:35,boot
91273,2026-07-26 23:12:06,sensorTask timeout
1262,2026-07-26 23:12:07,boot
91275,2026-07-26 23:13:38,sensorTask timeout
1263,2026-07-26 23:13:39,boot
91274,2026-07-26 23:15:10,sensorTask timeout
1264,2026-07-26 23:15:11,boot
96275,2026-07-26 23:16:46,sensorTask timeout
1264,2026-07-26 23:16:48,boot
91275,2026-07-26 23:18:18,sensorTask timeout
1264,2026-07-26 23:18:19,boot
91275,2026-07-26 23:19:50,sensorTask timeout
1264,2026-07-26 23:19:51,boot
91275,2026-07-26 23:21:22,sensorTask timeout
1265,2026-07-26 23:21:23,boot
91276,2026-07-26 23:22:54,sensorTask timeout
1260,2026-07-26 23:22:55,boot
91271,2026-07-26 23:24:26,sensorTask timeout
1260,2026-07-26 23:24:27,boot
96272,2026-07-26 23:26:03,sensorTask timeout
1261,2026-07-26 23:26:04,boot
91272,2026-07-26 23:27:35,sensorTask timeout
1261,2026-07-26 23:27:36,boot
91272,2026-07-26 23:29:07,sensorTask timeout
1262,2026-07-26 23:29:08,boot
91273,2026-07-26 23:30:38,sensorTask timeout
1262,2026-07-26 23:30:39,boot
91273,2026-07-26 23:32:10,sensorTask timeout
1262,2026-07-26 23:32:11,boot
91273,2026-07-26 23:33:42,sensorTask timeout
1263,2026-07-26 23:33:43,boot
91274,2026-07-26 23:35:14,sensorTask timeout
1263,2026-07-26 23:35:15,boot
91319,2026-07-26 23:36:46,sensorTask timeout
1258,2026-07-26 23:36:47,boot
91269,2026-07-26 23:38:18,sensorTask timeout
1258,2026-07-26 23:38:19,boot
91269,2026-07-26 23:39:50,sensorTask timeout
1258,2026-07-26 23:39:51,boot
91270,2026-07-26 23:41:22,sensorTask timeout
1259,2026-07-26 23:41:23,boot
91270,2026-07-26 23:42:53,sensorTask timeout
1259,2026-07-26 23:42:54,boot
91272,2026-07-26 23:44:25,sensorTask timeout
1260,2026-07-26 23:44:26,boot
96271,2026-07-26 23:46:02,sensorTask timeout
1260,2026-07-26 23:46:03,boot
91271,2026-07-26 23:47:34,sensorTask timeout
1260,2026-07-26 23:47:35,boot
91271,2026-07-26 23:49:06,sensorTask timeout
1261,2026-07-26 23:49:07,boot
91272,2026-07-26 23:50:38,sensorTask timeout
1261,2026-07-26 23:50:39,boot
91272,2026-07-26 23:52:10,sensorTask timeout
1262,2026-07-26 23:52:11,boot
96273,2026-07-26 23:53:47,sensorTask timeout
1262,2026-07-26 23:53:48,boot
91273,2026-07-26 23:55:18,sensorTask timeout
1262,2026-07-26 23:55:19,boot
91273,2026-07-26 23:56:50,sensorTask timeout
1263,2026-07-26 23:56:51,boot
91274,2026-07-26 23:58:22,sensorTask timeout
1263,2026-07-26 23:58:23,boot
91274,2026-07-26 23:59:54,sensorTask timeout
1264,2026-07-26 23:59:55,boot
91275,2026-07-27 00:01:26,sensorTask timeout
1264,2026-07-27 00:01:27,boot
91275,2026-07-27 00:02:58,sensorTask timeout
1264,2026-07-27 00:02:59,boot
91275,2026-07-27 00:04:30,sensorTask timeout
1259,2026-07-27 00:04:31,boot
91270,2026-07-27 00:06:02,sensorTask timeout
1260,2026-07-27 00:06:03,boot
91271,2026-07-27 00:07:33,sensorTask timeout
1260,2026-07-27 00:07:35,boot
91271,2026-07-27 00:09:05,sensorTask timeout
1260,2026-07-27 00:09:06,boot
91272,2026-07-27 00:10:37,sensorTask timeout
1261,2026-07-27 00:10:38,boot
91272,2026-07-27 00:12:09,sensorTask timeout
1261,2026-07-27 00:12:10,boot
91272,2026-07-27 00:13:41,sensorTask timeout
1262,2026-07-27 00:13:42,boot
96275,2026-07-27 00:15:18,sensorTask timeout
1262,2026-07-27 00:15:19,boot
91273,2026-07-27 00:16:50,sensorTask timeout
1262,2026-07-27 00:16:51,boot
96274,2026-07-27 00:18:27,sensorTask timeout
1263,2026-07-27 00:18:28,boot
91274,2026-07-27 00:19:58,sensorTask timeout
1264,2026-07-27 00:20:00,boot
91275,2026-07-27 00:21:30,sensorTask timeout
1264,2026-07-27 00:21:31,boot
91275,2026-07-27 00:23:02,sensorTask timeout
1264,2026-07-27 00:23:03,boot
91275,2026-07-27 00:24:34,sensorTask timeout
1264,2026-07-27 00:24:35,boot
91320,2026-07-27 00:26:06,sensorTask timeout
1259,2026-07-27 00:26:07,boot
91270,2026-07-27 00:27:38,sensorTask timeout
1259,2026-07-27 00:27:39,boot
91270,2026-07-27 00:29:10,sensorTask timeout
1260,2026-07-27 00:29:11,boot
96271,2026-07-27 00:30:47,sensorTask timeout
1260,2026-07-27 00:30:48,boot
91271,2026-07-27 00:32:19,sensorTask timeout
1260,2026-07-27 00:32:20,boot
91271,2026-07-27 00:33:50,sensorTask timeout
1261,2026-07-27 00:33:51,boot
91272,2026-07-27 00:35:22,sensorTask timeout
1261,2026-07-27 00:35:23,boot
91272,2026-07-27 00:36:54,sensorTask timeout
1262,2026-07-27 00:36:55,boot
96273,2026-07-27 00:38:31,sensorTask timeout
1262,2026-07-27 00:38:32,boot
91273,2026-07-27 00:40:03,sensorTask timeout
1262,2026-07-27 00:40:04,boot
91273,2026-07-27 00:41:35,sensorTask timeout
1263,2026-07-27 00:41:36,boot
91274,2026-07-27 00:43:07,sensorTask timeout
1263,2026-07-27 00:43:08,boot
91274,2026-07-27 00:44:39,sensorTask timeout
1264,2026-07-27 00:44:40,boot
91321,2026-07-27 00:46:10,sensorTask timeout
1258,2026-07-27 00:46:12,boot
96270,2026-07-27 00:47:47,sensorTask timeout
1259,2026-07-27 00:47:48,boot
91270,2026-07-27 00:49:19,sensorTask timeout
1259,2026-07-27 00:49:20,boot
91270,2026-07-27 00:50:51,sensorTask timeout
1260,2026-07-27 00:50:52,boot
91271,2026-07-27 00:52:23,sensorTask timeout
1260,2026-07-27 00:52:24,boot
91271,2026-07-27 00:53:55,sensorTask timeout
1260,2026-07-27 00:53:56,boot
96272,2026-07-27 00:55:32,sensorTask timeout
1261,2026-07-27 00:55:33,boot
91273,2026-07-27 00:57:04,sensorTask timeout
1262,2026-07-27 00:57:05,boot
91273,2026-07-27 00:58:35,sensorTask timeout
1262,2026-07-27 00:58:37,boot
91273,2026-07-27 01:00:07,sensorTask timeout
1262,2026-07-27 01:00:08,boot
91274,2026-07-27 01:01:39,sensorTask timeout
1263,2026-07-27 01:01:40,boot
91274,2026-07-27 01:03:11,sensorTask timeout
1263,2026-07-27 01:03:12,boot
91274,2026-07-27 01:04:43,sensorTask timeout
1264,2026-07-27 01:04:44,boot
91275,2026-07-27 01:06:15,sensorTask timeout
1264,2026-07-27 01:06:16,boot
91275,2026-07-27 01:07:47,sensorTask timeout
1264,2026-07-27 01:07:48,boot
91275,2026-07-27 01:09:19,sensorTask timeout
1265,2026-07-27 01:09:20,boot
91276,2026-07-27 01:10:50,sensorTask timeout
1265,2026-07-27 01:10:52,boot
91276,2026-07-27 01:12:22,sensorTask timeout
1266,2026-07-27 01:12:23,boot
96277,2026-07-27 01:13:59,sensorTask timeout
1266,2026-07-27 01:14:00,boot
91322,2026-07-27 01:15:31,sensorTask timeout
1260,2026-07-27 01:15:32,boot
91273,2026-07-27 01:17:03,sensorTask timeout
1261,2026-07-27 01:17:04,boot
91272,2026-07-27 01:18:35,sensorTask timeout
1261,2026-07-27 01:18:36,boot
91272,2026-07-27 01:20:07,sensorTask timeout
1262,2026-07-27 01:20:08,boot
96273,2026-07-27 01:21:44,sensorTask timeout
1262,2026-07-27 01:21:45,boot
96273,2026-07-27 01:23:21,sensorTask timeout
1262,2026-07-27 01:23:22,boot
91273,2026-07-27 01:24:52,sensorTask timeout
1263,2026-07-27 01:24:53,boot
91274,2026-07-27 01:26:24,sensorTask timeout
1258,2026-07-27 01:26:25,boot
91269,2026-07-27 01:27:56,sensorTask timeout
1258,2026-07-27 01:27:57,boot
91269,2026-07-27 01:29:28,sensorTask timeout
1258,2026-07-27 01:29:29,boot
96270,2026-07-27 01:31:05,sensorTask timeout
1259,2026-07-27 01:31:06,boot
91270,2026-07-27 01:32:37,sensorTask timeout
1259,2026-07-27 01:32:38,boot
91271,2026-07-27 01:34:09,sensorTask timeout
1260,2026-07-27 01:34:10,boot
91271,2026-07-27 01:35:41,sensorTask timeout
1260,2026-07-27 01:35:42,boot
91273,2026-07-27 01:37:12,sensorTask timeout
1260,2026-07-27 01:37:13,boot
96272,2026-07-27 01:38:49,sensorTask timeout
1261,2026-07-27 01:38:50,boot
91272,2026-07-27 01:40:21,sensorTask timeout
1261,2026-07-27 01:40:22,boot
91272,2026-07-27 01:41:53,sensorTask timeout
1262,2026-07-27 01:41:54,boot
91273,2026-07-27 01:43:25,sensorTask timeout
1262,2026-07-27 01:43:26,boot
91273,2026-07-27 01:44:57,sensorTask timeout
1262,2026-07-27 01:44:58,boot
96274,2026-07-27 01:46:34,sensorTask timeout
1263,2026-07-27 01:46:35,boot
91276,2026-07-27 01:48:06,sensorTask timeout
1263,2026-07-27 01:48:07,boot
91274,2026-07-27 01:49:37,sensorTask timeout
1264,2026-07-27 01:49:38,boot
96275,2026-07-27 01:51:14,sensorTask timeout
1264,2026-07-27 01:51:15,boot
91275,2026-07-27 01:52:46,sensorTask timeout
1264,2026-07-27 01:52:47,boot
91275,2026-07-27 01:54:18,sensorTask timeout
1265,2026-07-27 01:54:19,boot
91276,2026-07-27 01:55:50,sensorTask timeout
1265,2026-07-27 01:55:51,boot
91276,2026-07-27 01:57:22,sensorTask timeout
1266,2026-07-27 01:57:23,boot
96277,2026-07-27 01:58:59,sensorTask timeout
1266,2026-07-27 01:59:00,boot
91277,2026-07-27 02:00:31,sensorTask timeout
1266,2026-07-27 02:00:32,boot
91277,2026-07-27 02:02:02,sensorTask timeout
1267,2026-07-27 02:02:04,boot
91278,2026-07-27 02:03:34,sensorTask timeout
1267,2026-07-27 02:03:35,boot
91323,2026-07-27 02:05:06,sensorTask timeout
1262,2026-07-27 02:05:07,boot
96273,2026-07-27 02:06:43,sensorTask timeout
1262,2026-07-27 02:06:44,boot
91319,2026-07-27 02:08:15,sensorTask timeout
1256,2026-07-27 02:08:16,boot
96268,2026-07-27 02:09:52,sensorTask timeout
1257,2026-07-27 02:09:53,boot
91268,2026-07-27 02:11:24,sensorTask timeout
1257,2026-07-27 02:11:25,boot
91268,2026-07-27 02:12:56,sensorTask timeout
1258,2026-07-27 02:12:57,boot
91269,2026-07-27 02:14:28,sensorTask timeout
1258,2026-07-27 02:14:29,boot
91269,2026-07-27 02:15:59,sensorTask timeout
1259,2026-07-27 02:16:00,boot
91270,2026-07-27 02:17:31,sensorTask timeout
1260,2026-07-27 02:17:32,boot
91271,2026-07-27 02:19:03,sensorTask timeout
1260,2026-07-27 02:19:04,boot
91271,2026-07-27 02:20:35,sensorTask timeout
1260,2026-07-27 02:20:36,boot
91272,2026-07-27 02:22:07,sensorTask timeout
1261,2026-07-27 02:22:08,boot
91272,2026-07-27 02:23:39,sensorTask timeout
1261,2026-07-27 02:23:40,boot
91272,2026-07-27 02:25:11,sensorTask timeout
1262,2026-07-27 02:25:12,boot
91273,2026-07-27 02:26:43,sensorTask timeout
1262,2026-07-27 02:26:44,boot
91273,2026-07-27 02:28:14,sensorTask timeout
1262,2026-07-27 02:28:15,boot
91274,2026-07-27 02:29:46,sensorTask timeout
1263,2026-07-27 02:29:47,boot
91274,2026-07-27 02:31:18,sensorTask timeout
1263,2026-07-27 02:31:19,boot
91274,2026-07-27 02:32:50,sensorTask timeout
1264,2026-07-27 02:32:51,boot
96275,2026-07-27 02:34:27,sensorTask timeout
1264,2026-07-27 02:34:28,boot
91275,2026-07-27 02:35:59,sensorTask timeout
1264,2026-07-27 02:36:00,boot
91276,2026-07-27 02:37:31,sensorTask timeout
1265,2026-07-27 02:37:32,boot
91278,2026-07-27 02:39:03,sensorTask timeout
1265,2026-07-27 02:39:04,boot
91276,2026-07-27 02:40:34,sensorTask timeout
1266,2026-07-27 02:40:35,boot
96277,2026-07-27 02:42:11,sensorTask timeout
1266,2026-07-27 02:42:12,boot
91277,2026-07-27 02:43:43,sensorTask timeout
1266,2026-07-27 02:43:44,boot
91277,2026-07-27 02:45:15,sensorTask timeout
1267,2026-07-27 02:45:16,boot
91278,2026-07-27 02:46:47,sensorTask timeout
1267,2026-07-27 02:46:48,boot
91278,2026-07-27 02:48:19,sensorTask timeout
1262,2026-07-27 02:48:20,boot
91273,2026-07-27 02:49:51,sensorTask timeout
1262,2026-07-27 02:49:52,boot
91274,2026-07-27 02:51:23,sensorTask timeout
1263,2026-07-27 02:51:24,boot
91274,2026-07-27 02:52:55,sensorTask timeout
1263,2026-07-27 02:52:56,boot
91319,2026-07-27 02:54:26,sensorTask timeout
1257,2026-07-27 02:54:27,boot
91268,2026-07-27 02:55:58,sensorTask timeout
1258,2026-07-27 02:55:59,boot
91269,2026-07-27 02:57:30,sensorTask timeout
1258,2026-07-27 02:57:31,boot
91269,2026-07-27 02:59:02,sensorTask timeout
1258,2026-07-27 02:59:03,boot
96270,2026-07-27 03:00:39,sensorTask timeout
1259,2026-07-27 03:00:40,boot
91270,2026-07-27 03:02:11,sensorTask timeout
1259,2026-07-27 03:02:12,boot
91270,2026-07-27 03:03:43,sensorTask timeout
1260,2026-07-27 03:03:44,boot
91271,2026-07-27 03:05:15,sensorTask timeout
1260,2026-07-27 03:05:16,boot
91271,2026-07-27 03:06:46,sensorTask timeout
1260,2026-07-27 03:06:47,boot
96272,2026-07-27 03:08:23,sensorTask timeout
1261,2026-07-27 03:08:24,boot
91274,2026-07-27 03:09:55,sensorTask timeout
1262,2026-07-27 03:09:56,boot
96273,2026-07-27 03:11:32,sensorTask timeout
1262,2026-07-27 03:11:33,boot
91273,2026-07-27 03:13:04,sensorTask timeout
1262,2026-07-27 03:13:05,boot
91273,2026-07-27 03:14:36,sensorTask timeout
1263,2026-07-27 03:14:37,boot
91274,2026-07-27 03:16:08,sensorTask timeout
1263,2026-07-27 03:16:09,boot
91274,2026-07-27 03:17:40,sensorTask timeout
1264,2026-07-27 03:17:41,boot
96275,2026-07-27 03:19:16,sensorTask timeout
1264,2026-07-27 03:19:17,boot
91275,2026-07-27 03:20:48,sensorTask timeout
1264,2026-07-27 03:20:49,boot
91275,2026-07-27 03:22:20,sensorTask timeout
1265,2026-07-27 03:22:21,boot
91276,2026-07-27 03:23:52,sensorTask timeout
1265,2026-07-27 03:23:53,boot
91276,2026-07-27 03:25:24,sensorTask timeout
1266,2026-07-27 03:25:25,boot
96277,2026-07-27 03:27:01,sensorTask timeout
1266,2026-07-27 03:27:02,boot
91277,2026-07-27 03:28:33,sensorTask timeout
1266,2026-07-27 03:28:34,boot
91277,2026-07-27 03:30:05,sensorTask timeout
1261,2026-07-27 03:30:06,boot
91272,2026-07-27 03:31:36,sensorTask timeout
1262,2026-07-27 03:31:38,boot
91273,2026-07-27 03:33:08,sensorTask timeout
1262,2026-07-27 03:33:09,boot
91273,2026-07-27 03:34:40,sensorTask timeout
1262,2026-07-27 03:34:41,boot
96274,2026-07-27 03:36:17,sensorTask timeout
1263,2026-07-27 03:36:18,boot
91274,2026-07-27 03:37:49,sensorTask timeout
1263,2026-07-27 03:37:50,boot
91274,2026-07-27 03:39:21,sensorTask timeout
1264,2026-07-27 03:39:22,boot
91286,2026-07-27 03:40:53,sensorTask timeout
1264,2026-07-27 03:40:54,boot
91276,2026-07-27 03:42:25,sensorTask timeout
1265,2026-07-27 03:42:26,boot
91321,2026-07-27 03:43:57,sensorTask timeout
1259,2026-07-27 03:43:58,boot
91270,2026-07-27 03:45:28,sensorTask timeout
1259,2026-07-27 03:45:29,boot
91270,2026-07-27 03:47:00,sensorTask timeout
1260,2026-07-27 03:47:01,boot
91271,2026-07-27 03:48:32,sensorTask timeout
1260,2026-07-27 03:48:33,boot
91271,2026-07-27 03:50:04,sensorTask timeout
1260,2026-07-27 03:50:05,boot
91271,2026-07-27 03:51:36,sensorTask timeout
1261,2026-07-27 03:51:37,boot
91272,2026-07-27 03:53:08,sensorTask timeout
1261,2026-07-27 03:53:09,boot
91272,2026-07-27 03:54:40,sensorTask timeout
1262,2026-07-27 03:54:41,boot
96273,2026-07-27 03:56:17,sensorTask timeout
1262,2026-07-27 03:56:18,boot
91273,2026-07-27 03:57:48,sensorTask timeout
1262,2026-07-27 03:57:49,boot
91273,2026-07-27 03:59:20,sensorTask timeout
1263,2026-07-27 03:59:21,boot
91274,2026-07-27 04:00:52,sensorTask timeout
1264,2026-07-27 04:00:53,boot
96275,2026-07-27 04:02:29,sensorTask timeout
1264,2026-07-27 04:02:30,boot
91275,2026-07-27 04:04:01,sensorTask timeout
1264,2026-07-27 04:04:02,boot
91275,2026-07-27 04:05:33,sensorTask timeout
1265,2026-07-27 04:05:34,boot
91276,2026-07-27 04:07:05,sensorTask timeout
1265,2026-07-27 04:07:06,boot
91276,2026-07-27 04:08:37,sensorTask timeout
1265,2026-07-27 04:08:38,boot
91276,2026-07-27 04:10:08,sensorTask timeout
1266,2026-07-27 04:10:09,boot
91323,2026-07-27 04:11:40,sensorTask timeout
1261,2026-07-27 04:11:41,boot
91272,2026-07-27 04:13:12,sensorTask timeout
1261,2026-07-27 04:13:13,boot
91272,2026-07-27 04:14:44,sensorTask timeout
1262,2026-07-27 04:14:45,boot
91273,2026-07-27 04:16:16,sensorTask timeout
1262,2026-07-27 04:16:17,boot
91273,2026-07-27 04:17:48,sensorTask timeout
1262,2026-07-27 04:17:49,boot
96274,2026-07-27 04:19:25,sensorTask timeout
1263,2026-07-27 04:19:26,boot
91274,2026-07-27 04:20:57,sensorTask timeout
1263,2026-07-27 04:20:58,boot
91274,2026-07-27 04:22:29,sensorTask timeout
1264,2026-07-27 04:22:30,boot
91275,2026-07-27 04:24:00,sensorTask timeout
1264,2026-07-27 04:24:01,boot
91275,2026-07-27 04:25:32,sensorTask timeout
1264,2026-07-27 04:25:33,boot
91276,2026-07-27 04:27:04,sensorTask timeout
1265,2026-07-27 04:27:05,boot
91276,2026-07-27 04:28:36,sensorTask timeout
1265,2026-07-27 04:28:37,boot
91276,2026-07-27 04:30:08,sensorTask timeout
1266,2026-07-27 04:30:09,boot
96277,2026-07-27 04:31:45,sensorTask timeout
1266,2026-07-27 04:31:46,boot
91322,2026-07-27 04:33:17,sensorTask timeout
1260,2026-07-27 04:33:18,boot
91271,2026-07-27 04:34:49,sensorTask timeout
1260,2026-07-27 04:34:50,boot
91272,2026-07-27 04:36:20,sensorTask timeout
1261,2026-07-27 04:36:21,boot
91272,2026-07-27 04:37:52,sensorTask timeout
1261,2026-07-27 04:37:53,boot
91272,2026-07-27 04:39:24,sensorTask timeout
1262,2026-07-27 04:39:25,boot
96273,2026-07-27 04:41:01,sensorTask timeout
1262,2026-07-27 04:41:02,boot
91275,2026-07-27 04:42:33,sensorTask timeout
1262,2026-07-27 04:42:34,boot
91273,2026-07-27 04:44:05,sensorTask timeout
1263,2026-07-27 04:44:06,boot
91274,2026-07-27 04:45:37,sensorTask timeout
1263,2026-07-27 04:45:38,boot
91274,2026-07-27 04:47:09,sensorTask timeout
1264,2026-07-27 04:47:10,boot
96275,2026-07-27 04:48:45,sensorTask timeout
1264,2026-07-27 04:48:46,boot
91275,2026-07-27 04:50:17,sensorTask timeout
1264,2026-07-27 04:50:18,boot
91275,2026-07-27 04:51:49,sensorTask timeout
1259,2026-07-27 04:51:50,boot
91270,2026-07-27 04:53:21,sensorTask timeout
1260,2026-07-27 04:53:22,boot
91271,2026-07-27 04:54:53,sensorTask timeout
1260,2026-07-27 04:54:54,boot
91271,2026-07-27 04:56:25,sensorTask timeout
1260,2026-07-27 04:56:26,boot
96272,2026-07-27 04:58:02,sensorTask timeout
1261,2026-07-27 04:58:03,boot
91272,2026-07-27 04:59:34,sensorTask timeout
1261,2026-07-27 04:59:35,boot
91272,2026-07-27 05:01:05,sensorTask timeout
1262,2026-07-27 05:01:07,boot
91284,2026-07-27 05:02:37,sensorTask timeout
1262,2026-07-27 05:02:38,boot
96274,2026-07-27 05:04:14,sensorTask timeout
1263,2026-07-27 05:04:15,boot
91274,2026-07-27 05:05:46,sensorTask timeout
1264,2026-07-27 05:05:47,boot
91275,2026-07-27 05:07:18,sensorTask timeout
1264,2026-07-27 05:07:19,boot
91275,2026-07-27 05:08:50,sensorTask timeout
1264,2026-07-27 05:08:51,boot
96276,2026-07-27 05:10:27,sensorTask timeout
1265,2026-07-27 05:10:28,boot
91276,2026-07-27 05:11:59,sensorTask timeout
1265,2026-07-27 05:12:00,boot
91278,2026-07-27 05:13:31,sensorTask timeout
1266,2026-07-27 05:13:32,boot
96277,2026-07-27 05:15:07,sensorTask timeout
1266,2026-07-27 05:15:08,boot
91277,2026-07-27 05:16:39,sensorTask timeout
1266,2026-07-27 05:16:40,boot
91277,2026-07-27 05:18:11,sensorTask timeout
1267,2026-07-27 05:18:12,boot
91278,2026-07-27 05:19:43,sensorTask timeout
1267,2026-07-27 05:19:44,boot
91278,2026-07-27 05:21:15,sensorTask timeout
1267,2026-07-27 05:21:16,boot
91323,2026-07-27 05:22:47,sensorTask timeout
1262,2026-07-27 05:22:48,boot
96273,2026-07-27 05:24:24,sensorTask timeout
1262,2026-07-27 05:24:25,boot
91273,2026-07-27 05:25:56,sensorTask timeout
1262,2026-07-27 05:25:57,boot
91273,2026-07-27 05:27:27,sensorTask timeout
1263,2026-07-27 05:27:28,boot
91274,2026-07-27 05:28:59,sensorTask timeout
1263,2026-07-27 05:29:00,boot
91275,2026-07-27 05:30:31,sensorTask timeout
1264,2026-07-27 05:30:32,boot
96275,2026-07-27 05:32:08,sensorTask timeout
1264,2026-07-27 05:32:09,boot
91321,2026-07-27 05:33:40,sensorTask timeout
1259,2026-07-27 05:33:41,boot
91270,2026-07-27 05:35:12,sensorTask timeout
1259,2026-07-27 05:35:13,boot
91270,2026-07-27 05:36:44,sensorTask timeout
1260,2026-07-27 05:36:45,boot
91271,2026-07-27 05:38:16,sensorTask timeout
1260,2026-07-27 05:38:17,boot
91271,2026-07-27 05:39:48,sensorTask timeout
1260,2026-07-27 05:39:49,boot
96272,2026-07-27 05:41:24,sensorTask timeout
1261,2026-07-27 05:41:25,boot
91272,2026-07-27 05:42:56,sensorTask timeout
1262,2026-07-27 05:42:57,boot
91273,2026-07-27 05:44:28,sensorTask timeout
1262,2026-07-27 05:44:29,boot
91273,2026-07-27 05:46:00,sensorTask timeout
1262,2026-07-27 05:46:01,boot
91273,2026-07-27 05:47:32,sensorTask timeout
1262,2026-07-27 05:47:33,boot
91274,2026-07-27 05:49:04,sensorTask timeout
1263,2026-07-27 05:49:05,boot
91274,2026-07-27 05:50:36,sensorTask timeout
1263,2026-07-27 05:50:37,boot
91274,2026-07-27 05:52:08,sensorTask timeout
1264,2026-07-27 05:52:09,boot
91276,2026-07-27 05:53:39,sensorTask timeout
1264,2026-07-27 05:53:40,boot
91276,2026-07-27 05:55:11,sensorTask timeout
1265,2026-07-27 05:55:12,boot
91276,2026-07-27 05:56:43,sensorTask timeout
1265,2026-07-27 05:56:44,boot
91276,2026-07-27 05:58:15,sensorTask timeout
1266,2026-07-27 05:58:16,boot
96277,2026-07-27 05:59:52,sensorTask timeout
1266,2026-07-27 05:59:53,boot
91277,2026-07-27 06:01:24,sensorTask timeout
1266,2026-07-27 06:01:25,boot
91278,2026-07-27 06:02:56,sensorTask timeout
1267,2026-07-27 06:02:57,boot
91280,2026-07-27 06:04:28,sensorTask timeout
1267,2026-07-27 06:04:29,boot
91278,2026-07-27 06:05:59,sensorTask timeout
1268,2026-07-27 06:06:00,boot
96279,2026-07-27 06:07:36,sensorTask timeout
1268,2026-07-27 06:07:37,boot
91279,2026-07-27 06:09:08,sensorTask timeout
1268,2026-07-27 06:09:09,boot
91279,2026-07-27 06:10:40,sensorTask timeout
1268,2026-07-27 06:10:41,boot
91325,2026-07-27 06:12:12,sensorTask timeout
1263,2026-07-27 06:12:13,boot
91274,2026-07-27 06:13:44,sensorTask timeout
1257,2026-07-27 06:13:45,boot
74222,NO_TIME,boot
164263,2026-07-28 14:02:29,sensorTask timeout
1261,2026-07-28 14:02:30,boot
91274,2026-07-28 14:04:01,sensorTask timeout
1262,2026-07-28 14:04:01,boot
5810,2026-07-28 14:11:39,boot
1318,2026-07-28 14:12:39,boot
1318,2026-07-28 14:13:17,boot
1319,2026-07-28 14:13:35,boot
91332,2026-07-28 14:15:11,sensorTask timeout
1320,2026-07-28 14:15:06,boot
91333,2026-07-28 14:16:43,sensorTask timeout
1321,2026-07-28 14:16:37,boot
91334,2026-07-28 14:18:15,sensorTask timeout
1319,2026-07-28 14:18:08,boot
91376,2026-07-28 14:19:47,sensorTask timeout
1314,2026-07-28 14:19:39,boot
2052,2026-07-28 14:20:04,boot
92064,2026-07-28 14:21:45,sensorTask timeout
1259,2026-07-28 14:21:35,boot
91270,2026-07-28 14:23:17,sensorTask timeout
1260,2026-07-28 14:23:06,boot
91271,2026-07-28 14:24:49,sensorTask timeout
1260,2026-07-28 14:24:37,boot
1259,2026-07-28 14:25:55,boot
1260,2026-07-28 14:26:06,boot
1259,2026-07-28 14:26:16,boot
1260,2026-07-28 14:26:26,boot
1260,2026-07-28 14:26:37,boot
1260,2026-07-28 14:26:47,boot
1260,2026-07-28 14:26:57,boot
1260,2026-07-28 14:27:07,boot
1261,2026-07-28 14:27:17,boot
1261,2026-07-28 14:27:28,boot
1261,2026-07-28 14:27:38,boot
1261,2026-07-28 14:27:48,boot
1262,2026-07-28 14:27:58,boot
1262,2026-07-28 14:28:09,boot
1262,2026-07-28 14:28:19,boot
1262,2026-07-28 14:28:29,boot
1290,2026-07-28 14:38:21,boot
2682,2026-07-28 14:38:46,boot
1262,2026-07-28 14:38:51,boot
1263,2026-07-28 14:39:01,boot
1263,2026-07-28 14:39:12,boot
1263,2026-07-28 14:39:22,boot
1264,2026-07-28 14:39:32,boot
1292,2026-07-28 14:40:03,boot
1264,2026-07-28 14:40:13,boot
1264,2026-07-28 14:40:23,boot
1264,2026-07-28 14:40:33,boot
1264,2026-07-28 14:40:43,boot
1265,2026-07-28 14:40:54,boot
1265,2026-07-28 14:41:04,boot
1265,2026-07-28 14:41:14,boot
1265,2026-07-28 14:41:24,boot
1266,2026-07-28 14:41:34,boot
1266,2026-07-28 14:41:45,boot
1266,2026-07-28 14:41:55,boot
1266,2026-07-28 14:42:05,boot
1267,2026-07-28 14:42:15,boot
1262,2026-07-28 14:42:26,boot
1262,2026-07-28 14:42:36,boot
1262,2026-07-28 14:42:46,boot
1263,2026-07-28 14:42:56,boot
1262,2026-07-28 14:43:06,boot
1263,2026-07-28 14:43:17,boot
1263,2026-07-28 14:43:27,boot
1264,2026-07-28 14:43:37,boot
1263,2026-07-28 14:43:47,boot
1264,2026-07-28 14:43:57,boot
1264,2026-07-28 14:44:08,boot
2060,2026-07-28 14:44:28,boot
7157,2026-07-28 14:46:29,boot
5131,2026-07-28 15:00:35,boot
92487,2026-07-28 15:16:03,sd recovery ok
1258,2026-07-28 15:15:44,boot
40639,2026-07-28 15:26:56,sd recovery ok
1968,2026-07-28 15:33:21,boot
1258,2026-07-28 15:33:58,boot
1258,2026-07-28 15:34:39,boot
6368,NO_TIME,boot
1258,2026-07-28 15:36:22,boot
1255,2026-07-28 15:40:04,boot
31196,2026-07-28 15:41:32,boot
